Archive member included to satisfy reference by file (symbol)

c:/program files (x86)/gnu arm embedded toolchain/2020-q2-update/bin/../lib/gcc/arm-none-eabi/9.3.1/../../../../arm-none-eabi/lib/thumb/v7e-m/nofp\libc_nano.a(lib_a-exit.o)
                              c:/program files (x86)/gnu arm embedded toolchain/2020-q2-update/bin/../lib/gcc/arm-none-eabi/9.3.1/../../../../arm-none-eabi/lib/thumb/v7e-m/nofp/crt0.o (exit)
c:/program files (x86)/gnu arm embedded toolchain/2020-q2-update/bin/../lib/gcc/arm-none-eabi/9.3.1/../../../../arm-none-eabi/lib/thumb/v7e-m/nofp\libc_nano.a(lib_a-impure.o)
                              c:/program files (x86)/gnu arm embedded toolchain/2020-q2-update/bin/../lib/gcc/arm-none-eabi/9.3.1/../../../../arm-none-eabi/lib/thumb/v7e-m/nofp\libc_nano.a(lib_a-exit.o) (_global_impure_ptr)
c:/program files (x86)/gnu arm embedded toolchain/2020-q2-update/bin/../lib/gcc/arm-none-eabi/9.3.1/../../../../arm-none-eabi/lib/thumb/v7e-m/nofp\libc_nano.a(lib_a-init.o)
                              c:/program files (x86)/gnu arm embedded toolchain/2020-q2-update/bin/../lib/gcc/arm-none-eabi/9.3.1/../../../../arm-none-eabi/lib/thumb/v7e-m/nofp/crt0.o (__libc_init_array)
c:/program files (x86)/gnu arm embedded toolchain/2020-q2-update/bin/../lib/gcc/arm-none-eabi/9.3.1/../../../../arm-none-eabi/lib/thumb/v7e-m/nofp\libc_nano.a(lib_a-memset.o)
                              c:/program files (x86)/gnu arm embedded toolchain/2020-q2-update/bin/../lib/gcc/arm-none-eabi/9.3.1/../../../../arm-none-eabi/lib/thumb/v7e-m/nofp/crt0.o (memset)
c:/program files (x86)/gnu arm embedded toolchain/2020-q2-update/bin/../lib/gcc/arm-none-eabi/9.3.1/../../../../arm-none-eabi/lib/thumb/v7e-m/nofp\libc_nano.a(lib_a-nano-vfprintf_float.o)
                              (_printf_float)
c:/program files (x86)/gnu arm embedded toolchain/2020-q2-update/bin/../lib/gcc/arm-none-eabi/9.3.1/../../../../arm-none-eabi/lib/thumb/v7e-m/nofp\libc_nano.a(lib_a-nano-vfprintf_i.o)
                              c:/program files (x86)/gnu arm embedded toolchain/2020-q2-update/bin/../lib/gcc/arm-none-eabi/9.3.1/../../../../arm-none-eabi/lib/thumb/v7e-m/nofp\libc_nano.a(lib_a-nano-vfprintf_float.o) (_printf_common)
c:/program files (x86)/gnu arm embedded toolchain/2020-q2-update/bin/../lib/gcc/arm-none-eabi/9.3.1/../../../../arm-none-eabi/lib/thumb/v7e-m/nofp\libc_nano.a(lib_a-strlen.o)
                              c:/program files (x86)/gnu arm embedded toolchain/2020-q2-update/bin/../lib/gcc/arm-none-eabi/9.3.1/../../../../arm-none-eabi/lib/thumb/v7e-m/nofp\libc_nano.a(lib_a-nano-vfprintf_float.o) (strlen)
c:/program files (x86)/gnu arm embedded toolchain/2020-q2-update/bin/../lib/gcc/arm-none-eabi/9.3.1/../../../../arm-none-eabi/lib/thumb/v7e-m/nofp\libc_nano.a(lib_a-dtoa.o)
                              c:/program files (x86)/gnu arm embedded toolchain/2020-q2-update/bin/../lib/gcc/arm-none-eabi/9.3.1/../../../../arm-none-eabi/lib/thumb/v7e-m/nofp\libc_nano.a(lib_a-nano-vfprintf_float.o) (_dtoa_r)
c:/program files (x86)/gnu arm embedded toolchain/2020-q2-update/bin/../lib/gcc/arm-none-eabi/9.3.1/../../../../arm-none-eabi/lib/thumb/v7e-m/nofp\libc_nano.a(lib_a-localeconv.o)
                              c:/program files (x86)/gnu arm embedded toolchain/2020-q2-update/bin/../lib/gcc/arm-none-eabi/9.3.1/../../../../arm-none-eabi/lib/thumb/v7e-m/nofp\libc_nano.a(lib_a-nano-vfprintf_float.o) (_localeconv_r)
c:/program files (x86)/gnu arm embedded toolchain/2020-q2-update/bin/../lib/gcc/arm-none-eabi/9.3.1/../../../../arm-none-eabi/lib/thumb/v7e-m/nofp\libc_nano.a(lib_a-malloc.o)
                              c:/program files (x86)/gnu arm embedded toolchain/2020-q2-update/bin/../lib/gcc/arm-none-eabi/9.3.1/../../../../arm-none-eabi/lib/thumb/v7e-m/nofp\libc_nano.a(lib_a-dtoa.o) (malloc)
c:/program files (x86)/gnu arm embedded toolchain/2020-q2-update/bin/../lib/gcc/arm-none-eabi/9.3.1/../../../../arm-none-eabi/lib/thumb/v7e-m/nofp\libc_nano.a(lib_a-memchr.o)
                              c:/program files (x86)/gnu arm embedded toolchain/2020-q2-update/bin/../lib/gcc/arm-none-eabi/9.3.1/../../../../arm-none-eabi/lib/thumb/v7e-m/nofp\libc_nano.a(lib_a-nano-vfprintf_i.o) (memchr)
c:/program files (x86)/gnu arm embedded toolchain/2020-q2-update/bin/../lib/gcc/arm-none-eabi/9.3.1/../../../../arm-none-eabi/lib/thumb/v7e-m/nofp\libc_nano.a(lib_a-memcpy-stub.o)
                              c:/program files (x86)/gnu arm embedded toolchain/2020-q2-update/bin/../lib/gcc/arm-none-eabi/9.3.1/../../../../arm-none-eabi/lib/thumb/v7e-m/nofp\libc_nano.a(lib_a-dtoa.o) (memcpy)
c:/program files (x86)/gnu arm embedded toolchain/2020-q2-update/bin/../lib/gcc/arm-none-eabi/9.3.1/../../../../arm-none-eabi/lib/thumb/v7e-m/nofp\libc_nano.a(lib_a-mprec.o)
[...]
Memory Configuration

Name             Origin             Length             Attributes
RAM              0x20000000         0x00020000         xrw
CCMRAM           0x10000000         0x00010000         xrw
FLASH            0x08000000         0x00080000         xr
*default*        0x00000000         0xffffffff

Linker script and memory map

LOAD c:/program files (x86)/gnu arm embedded toolchain/2020-q2-update/bin/../lib/gcc/arm-none-eabi/9.3.1/thumb/v7e-m/nofp/crti.o
LOAD c:/program files (x86)/gnu arm embedded toolchain/2020-q2-update/bin/../lib/gcc/arm-none-eabi/9.3.1/thumb/v7e-m/nofp/crtbegin.o
LOAD c:/program files (x86)/gnu arm embedded toolchain/2020-q2-update/bin/../lib/gcc/arm-none-eabi/9.3.1/../../../../arm-none-eabi/lib/thumb/v7e-m/nofp/crt0.o
LOAD build/system_stm32f4xx.o
LOAD build/stm32f4xx_it.o
LOAD build/main.o
LOAD build/gpio.o
LOAD build/stm32f4xx_hal_msp.o
LOAD build/stm32f4xx_ll_adc.o
LOAD build/stm32f4xx_ll_tim.o
LOAD build/stm32f4xx_hal_rcc.o
LOAD build/stm32f4xx_hal_sd.o
LOAD build/stm32f4xx_hal_eth.o
LOAD build/stm32f4xx_hal_pwr.o
LOAD build/stm32f4xx_hal_rtc.o
LOAD build/stm32f4xx_hal_fmpi2c_ex.o
LOAD build/stm32f4xx_hal_spdifrx.o
LOAD build/stm32f4xx_hal_i2s_ex.o
LOAD build/stm32f4xx_ll_rcc.o
LOAD build/stm32f4xx_hal_exti.o
LOAD build/stm32f4xx_hal_pccard.o
LOAD build/stm32f4xx_hal_hcd.o
LOAD build/stm32f4xx_hal_i2s.o
LOAD build/stm32f4xx_ll_pwr.o
LOAD build/stm32f4xx_ll_rtc.o
LOAD build/stm32f4xx_hal_flash_ramfunc.o
LOAD build/stm32f4xx_hal_cec.o
LOAD build/stm32f4xx_hal_i2c_ex.o
LOAD build/stm32f4xx_ll_fsmc.o
LOAD build/stm32f4xx_ll_exti.o
LOAD build/stm32f4xx_hal_smbus.o
LOAD build/stm32f4xx_hal_sdram.o
LOAD build/stm32f4xx_hal_flash.o
LOAD build/stm32f4xx_hal_dac_ex.o
LOAD build/stm32f4xx_ll_rng.o
LOAD build/stm32f4xx_hal_ltdc_ex.o
LOAD build/stm32f4xx_hal_hash_ex.o
LOAD build/stm32f4xx_hal_sai_ex.o
LOAD build/stm32f4xx_ll_utils.o
LOAD build/stm32f4xx_hal_crc.o
LOAD build/stm32f4xx_hal_dac.o
LOAD build/stm32f4xx_hal_adc_ex.o
LOAD build/stm32f4xx_hal_tim_ex.o
LOAD build/stm32f4xx_hal_usart.o
LOAD build/stm32f4xx_hal_dma.o
LOAD build/stm32f4xx_hal_dma2d.o
LOAD build/stm32f4xx_hal_iwdg.o
LOAD build/stm32f4xx_hal_smartcard.o
LOAD build/stm32f4xx_hal_pcd_ex.o
LOAD build/stm32f4xx_ll_dma.o
LOAD build/stm32f4xx_hal_nand.o
LOAD build/stm32f4xx_hal_cryp.o
LOAD build/stm32f4xx_hal_rcc_ex.o
LOAD build/stm32f4xx_ll_crc.o
LOAD build/stm32f4xx_hal_dcmi.o
LOAD build/stm32f4xx_hal_qspi.o
LOAD build/stm32f4xx_hal_pwr_ex.o
LOAD build/stm32f4xx_hal_rtc_ex.o
LOAD build/stm32f4xx_hal_ltdc.o
LOAD build/stm32f4xx_hal_wwdg.o
LOAD build/stm32f4xx_hal_i2c.o
LOAD build/stm32f4xx_hal_nor.o
LOAD build/stm32f4xx_ll_usart.o
LOAD build/stm32f4xx_hal_fmpsmbus.o
LOAD build/stm32f4xx_hal_dfsdm.o
LOAD build/stm32f4xx_hal_cortex.o
LOAD build/stm32f4xx_ll_fmc.o
LOAD build/stm32f4xx_hal_fmpi2c.o
LOAD build/stm32f4xx_hal_tim.o
LOAD build/stm32f4xx_hal_mmc.o
LOAD build/stm32f4xx_hal_spi.o
LOAD build/stm32f4xx_hal_lptim.o
LOAD build/stm32f4xx_hal_uart.o
LOAD build/stm32f4xx_hal_flash_ex.o
LOAD build/stm32f4xx_hal_dcmi_ex.o
LOAD build/stm32f4xx_ll_usb.o
LOAD build/stm32f4xx_hal_irda.o
LOAD build/stm32f4xx_ll_fmpi2c.o
LOAD build/stm32f4xx_ll_spi.o
LOAD build/stm32f4xx_ll_lptim.o
LOAD build/stm32f4xx_ll_dma2d.o
LOAD build/stm32f4xx_hal_sram.o
LOAD build/stm32f4xx_hal_dma_ex.o
LOAD build/stm32f4xx_hal_rng.o
LOAD build/stm32f4xx_hal_can.o
LOAD build/stm32f4xx_ll_sdmmc.o
LOAD build/stm32f4xx_hal_dsi.o
LOAD build/stm32f4xx_hal_hash.o
LOAD build/stm32f4xx_hal_cryp_ex.o
LOAD build/stm32f4xx_hal_sai.o
LOAD build/stm32f4xx_hal_gpio.o
LOAD build/stm32f4xx_hal_adc.o
LOAD build/stm32f4xx_ll_dac.o
LOAD build/stm32f4xx_ll_i2c.o
LOAD build/stm32f4xx_hal.o
LOAD build/stm32f4xx_hal_pcd.o
LOAD build/stm32f4xx_ll_gpio.o
LOAD build/cmd.o
LOAD build/msh.o
LOAD build/shell.o
LOAD build/core_delay.o
LOAD build/board.o
LOAD build/components.o
LOAD build/timer.o
LOAD build/thread.o
LOAD build/memheap.o
LOAD build/object.o
LOAD build/slab.o
LOAD build/cpu.o
LOAD build/ipc.o
LOAD build/kservice.o
LOAD build/clock.o
LOAD build/scheduler.o
LOAD build/irq.o
LOAD build/mempool.o
LOAD build/idle.o
LOAD build/mem.o
LOAD build/cpuport.o
LOAD build/bsp_uart1.o
LOAD build/bsp_led.o
LOAD build/context_gcc.o
LOAD build/startup_stm32f407xx.o
LOAD Libraries/CMSIS/Lib/GCC/libarm_cortexM4lf_math.a
LOAD c:/program files (x86)/gnu arm embedded toolchain/2020-q2-update/bin/../lib/gcc/arm-none-eabi/9.3.1/../../../../arm-none-eabi/lib/thumb/v7e-m/nofp\libc_nano.a
LOAD c:/program files (x86)/gnu arm embedded toolchain/2020-q2-update/bin/../lib/gcc/arm-none-eabi/9.3.1/../../../../arm-none-eabi/lib/thumb/v7e-m/nofp\libm.a
LOAD c:/program files (x86)/gnu arm embedded toolchain/2020-q2-update/bin/../lib/gcc/arm-none-eabi/9.3.1/../../../../arm-none-eabi/lib/thumb/v7e-m/nofp\libnosys.a
START GROUP
LOAD c:/program files (x86)/gnu arm embedded toolchain/2020-q2-update/bin/../lib/gcc/arm-none-eabi/9.3.1/thumb/v7e-m/nofp\libgcc.a
LOAD c:/program files (x86)/gnu arm embedded toolchain/2020-q2-update/bin/../lib/gcc/arm-none-eabi/9.3.1/../../../../arm-none-eabi/lib/thumb/v7e-m/nofp\libc_nano.a
END GROUP
START GROUP
LOAD c:/program files (x86)/gnu arm embedded toolchain/2020-q2-update/bin/../lib/gcc/arm-none-eabi/9.3.1/thumb/v7e-m/nofp\libgcc.a
LOAD c:/program files (x86)/gnu arm embedded toolchain/2020-q2-update/bin/../lib/gcc/arm-none-eabi/9.3.1/../../../../arm-none-eabi/lib/thumb/v7e-m/nofp\libc_nano.a
END GROUP
LOAD c:/program files (x86)/gnu arm embedded toolchain/2020-q2-update/bin/../lib/gcc/arm-none-eabi/9.3.1/thumb/v7e-m/nofp/crtend.o
LOAD c:/program files (x86)/gnu arm embedded toolchain/2020-q2-update/bin/../lib/gcc/arm-none-eabi/9.3.1/thumb/v7e-m/nofp/crtn.o
                0x20020000                _estack = 0x20020000
                0x00002000                _Min_Heap_Size = 0x2000
                0x00004000                _Min_Stack_Size = 0x4000

.isr_vector     0x08000000      0x188
                0x08000000                . = ALIGN (0x4)
 *(.isr_vector)
 .isr_vector    0x08000000      0x188 build/startup_stm32f407xx.o
                0x08000000                g_pfnVectors
                0x08000188                . = ALIGN (0x4)

.text           0x08000190     0x5f44
                0x08000190                . = ALIGN (0x4)
 *(.text)
 .text          0x08000190       0x40 c:/program files (x86)/gnu arm embedded toolchain/2020-q2-update/bin/../lib/gcc/arm-none-eabi/9.3.1/thumb/v7e-m/nofp/crtbegin.o
 .text          0x080001d0       0xf8 build/context_gcc.o
                0x080001d0                rt_hw_interrupt_disable
                0x080001d8                rt_hw_interrupt_enable
                0x080001de                rt_hw_context_switch_interrupt
                0x080001de                rt_hw_context_switch
                0x080001fe                PendSV_Handler
                0x0800023a                rt_hw_context_switch_to
                0x08000276                rt_hw_interrupt_thread_switch
                0x0800027a                HardFault_Handler
 .text          0x080002c8       0x10 c:/program files (x86)/gnu arm embedded toolchain/2020-q2-update/bin/../lib/gcc/arm-none-eabi/9.3.1/../../../../arm-none-eabi/lib/thumb/v7e-m/nofp\libc_nano.a(lib_a-strlen.o)
                0x080002c8                strlen
 *fill*         0x080002d8        0x8 
 .text          0x080002e0       0xa0 c:/program files (x86)/gnu arm embedded toolchain/2020-q2-update/bin/../lib/gcc/arm-none-eabi/9.3.1/../../../../arm-none-eabi/lib/thumb/v7e-m/nofp\libc_nano.a(lib_a-memchr.o)
                0x080002e0                memchr
 .text          0x08000380      0x378 c:/program files (x86)/gnu arm embedded toolchain/2020-q2-update/bin/../lib/gcc/arm-none-eabi/9.3.1/thumb/v7e-m/nofp\libgcc.a(_arm_addsubdf3.o)
                0x08000380                __aeabi_drsub
                0x08000388                __aeabi_dsub
                0x08000388                __subdf3
                0x0800038c                __aeabi_dadd
                0x0800038c                __adddf3
                0x08000604                __floatunsidf
                0x08000604                __aeabi_ui2d
                0x08000624                __floatsidf
                0x08000624                __aeabi_i2d
                0x08000648                __aeabi_f2d
                0x08000648                __extendsfdf2
                0x0800068c                __floatundidf
                0x0800068c                __aeabi_ul2d
                0x0800069c                __floatdidf
                0x0800069c                __aeabi_l2d
 .text          0x080006f8      0x424 c:/program files (x86)/gnu arm embedded toolchain/2020-q2-update/bin/../lib/gcc/arm-none-eabi/9.3.1/thumb/v7e-m/nofp\libgcc.a(_arm_muldivdf3.o)
                0x080006f8                __aeabi_dmul
                0x080006f8                __muldf3
                0x0800094c                __divdf3
                0x0800094c                __aeabi_ddiv
 .text          0x08000b1c      0x110 c:/program files (x86)/gnu arm embedded toolchain/2020-q2-update/bin/../lib/gcc/arm-none-eabi/9.3.1/thumb/v7e-m/nofp\libgcc.a(_arm_cmpdf2.o)
                0x08000b1c                __gtdf2
                0x08000b1c                __gedf2
                0x08000b24                __ltdf2
                0x08000b24                __ledf2
                0x08000b2c                __nedf2
                0x08000b2c                __eqdf2
                0x08000b2c                __cmpdf2
                0x08000ba8                __aeabi_cdrcmple
                0x08000bb8                __aeabi_cdcmpeq
                0x08000bb8                __aeabi_cdcmple
                0x08000bc8                __aeabi_dcmpeq
                0x08000bdc                __aeabi_dcmplt
                0x08000bf0                __aeabi_dcmple
                0x08000c04                __aeabi_dcmpge
                0x08000c18                __aeabi_dcmpgt
 .text          0x08000c2c       0x2c c:/program files (x86)/gnu arm embedded toolchain/2020-q2-update/bin/../lib/gcc/arm-none-eabi/9.3.1/thumb/v7e-m/nofp\libgcc.a(_arm_unorddf2.o)
                0x08000c2c                __unorddf2
                0x08000c2c                __aeabi_dcmpun
 .text          0x08000c58       0x50 c:/program files (x86)/gnu arm embedded toolchain/2020-q2-update/bin/../lib/gcc/arm-none-eabi/9.3.1/thumb/v7e-m/nofp\libgcc.a(_arm_fixdfsi.o)
                0x08000c58                __aeabi_d2iz
                0x08000c58                __fixdfsi
 .text          0x08000ca8       0x30 c:/program files (x86)/gnu arm embedded toolchain/2020-q2-update/bin/../lib/gcc/arm-none-eabi/9.3.1/thumb/v7e-m/nofp\libgcc.a(_aeabi_uldivmod.o)
                0x08000ca8                __aeabi_uldivmod
 .text          0x08000cd8      0x2c0 c:/program files (x86)/gnu arm embedded toolchain/2020-q2-update/bin/../lib/gcc/arm-none-eabi/9.3.1/thumb/v7e-m/nofp\libgcc.a(_udivmoddi4.o)
                0x08000cd8                __udivmoddi4
 .text          0x08000f98        0x4 c:/program files (x86)/gnu arm embedded toolchain/2020-q2-update/bin/../lib/gcc/arm-none-eabi/9.3.1/thumb/v7e-m/nofp\libgcc.a(_dvmd_tls.o)
                0x08000f98                __aeabi_idiv0
                0x08000f98                __aeabi_ldiv0
 *(.text*)
 .text.SystemInit
                0x08000f9c       0x10 build/system_stm32f4xx.o
                0x08000f9c                SystemInit
 .text.SystemCoreClockUpdate
                0x08000fac       0xa0 build/system_stm32f4xx.o
                0x08000fac                SystemCoreClockUpdate
 .text.NMI_Handler
                0x0800104c        0x2 build/stm32f4xx_it.o
                0x0800104c                NMI_Handler
 .text.MemManage_Handler
                0x0800104e        0x2 build/stm32f4xx_it.o
                0x0800104e                MemManage_Handler
 .text.BusFault_Handler
                0x08001050        0x2 build/stm32f4xx_it.o
                0x08001050                BusFault_Handler
 .text.UsageFault_Handler
                0x08001052        0x2 build/stm32f4xx_it.o
                0x08001052                UsageFault_Handler
 .text.SVC_Handler
                0x08001054        0x2 build/stm32f4xx_it.o
                0x08001054                SVC_Handler
 .text.DebugMon_Handler
                0x08001056        0x2 build/stm32f4xx_it.o
                0x08001056                DebugMon_Handler
 .text.led_thread_entry
                0x08001058       0x12 build/main.o
 *fill*         0x0800106a        0x2 
 .text.main     0x0800106c       0x54 build/main.o
                0x0800106c                main
 .text.SystemClock_Config
                0x080010c0       0x98 build/main.o
                0x080010c0                SystemClock_Config
 .text.HAL_MspInit
                0x08001158       0x38 build/stm32f4xx_hal_msp.o
                0x08001158                HAL_MspInit
 .text.HAL_RCC_OscConfig
                0x08001190      0x3ec build/stm32f4xx_hal_rcc.o
                0x08001190                HAL_RCC_OscConfig
 .text.HAL_RCC_GetSysClockFreq
                0x0800157c       0xcc build/stm32f4xx_hal_rcc.o
                0x0800157c                HAL_RCC_GetSysClockFreq
 .text.HAL_RCC_ClockConfig
                0x08001648      0x160 build/stm32f4xx_hal_rcc.o
                0x08001648                HAL_RCC_ClockConfig
 .text.HAL_RCC_GetHCLKFreq
                0x080017a8        0xc build/stm32f4xx_hal_rcc.o
                0x080017a8                HAL_RCC_GetHCLKFreq
 .text.HAL_RCC_GetPCLK1Freq
                0x080017b4       0x20 build/stm32f4xx_hal_rcc.o
                0x080017b4                HAL_RCC_GetPCLK1Freq
 .text.HAL_RCC_GetPCLK2Freq
                0x080017d4       0x20 build/stm32f4xx_hal_rcc.o
                0x080017d4                HAL_RCC_GetPCLK2Freq
 .text.USART_SetConfig
                0x080017f4      0x12c build/stm32f4xx_hal_usart.o
 .text.HAL_USART_MspInit
                0x08001920        0x2 build/stm32f4xx_hal_usart.o
                0x08001920                HAL_USART_MspInit
 .text.HAL_USART_Init
                0x08001922       0x50 build/stm32f4xx_hal_usart.o
                0x08001922                HAL_USART_Init
 *fill*         0x08001972        0x2 
 .text.HAL_NVIC_SetPriorityGrouping
                0x08001974       0x24 build/stm32f4xx_hal_cortex.o
                0x08001974                HAL_NVIC_SetPriorityGrouping
 .text.UART_WaitOnFlagUntilTimeout
                0x08001998       0x68 build/stm32f4xx_hal_uart.o
 .text.HAL_UART_Transmit
                0x08001a00       0xe2 build/stm32f4xx_hal_uart.o
                0x08001a00                HAL_UART_Transmit
 *fill*         0x08001ae2        0x2 
 .text.HAL_GPIO_Init
                0x08001ae4      0x1cc build/stm32f4xx_hal_gpio.o
                0x08001ae4                HAL_GPIO_Init
 .text.HAL_GPIO_WritePin
                0x08001cb0        0xc build/stm32f4xx_hal_gpio.o
                0x08001cb0                HAL_GPIO_WritePin
 .text.HAL_GPIO_TogglePin
                0x08001cbc       0x12 build/stm32f4xx_hal_gpio.o
                0x08001cbc                HAL_GPIO_TogglePin
 *fill*         0x08001cce        0x2 
 .text.HAL_Init
                0x08001cd0       0x34 build/stm32f4xx_hal.o
                0x08001cd0                HAL_Init
 .text.HAL_InitTick
                0x08001d04       0x28 build/core_delay.o
                0x08001d04                HAL_InitTick
 .text.HAL_GetTick
                0x08001d2c       0x20 build/core_delay.o
                0x08001d2c                HAL_GetTick
 .text._SysTick_Config
                0x08001d4c       0x2c build/board.o
 .text.rt_heap_begin_get
                0x08001d78        0x8 build/board.o
                0x08001d78                rt_heap_begin_get
 .text.rt_heap_end_get
                0x08001d80        0x8 build/board.o
                0x08001d80                rt_heap_end_get
 .text.rt_hw_board_init
                0x08001d88       0x48 build/board.o
                0x08001d88                rt_hw_board_init
 .text.SysTick_Handler
                0x08001dd0       0x10 build/board.o
                0x08001dd0                SysTick_Handler
 .text.rti_board_start
                0x08001de0        0x4 build/components.o
 .text.rti_board_end
                0x08001de4        0x4 build/components.o
 .text.rti_end  0x08001de8        0x4 build/components.o
 .text.rt_components_board_init
                0x08001dec       0x1c build/components.o
                0x08001dec                rt_components_board_init
 .text.rt_components_init
                0x08001e08       0x1c build/components.o
                0x08001e08                rt_components_init
 .text.main_thread_entry
                0x08001e24        0xc build/components.o
                0x08001e24                main_thread_entry
 .text.rt_application_init
                0x08001e30       0x2c build/components.o
                0x08001e30                rt_application_init
 .text.rtthread_startup
                0x08001e5c       0x2a build/components.o
                0x08001e5c                rtthread_startup
 .text.entry    0x08001e86        0xa build/components.o
                0x08001e86                entry
 .text._rt_timer_init
                0x08001e90       0x30 build/timer.o
 .text.rt_timer_list_next_timeout
                0x08001ec0       0x10 build/timer.o
 .text.rt_timer_init
                0x08001ed0       0x28 build/timer.o
                0x08001ed0                rt_timer_init
 .text.rt_timer_detach
                0x08001ef8       0x36 build/timer.o
                0x08001ef8                rt_timer_detach
 *fill*         0x08001f2e        0x2 
 .text.rt_timer_start
                0x08001f30       0xf4 build/timer.o
                0x08001f30                rt_timer_start
 .text.rt_timer_stop
                0x08002024       0x46 build/timer.o
                0x08002024                rt_timer_stop
 .text.rt_timer_control
                0x0800206a       0x2e build/timer.o
                0x0800206a                rt_timer_control
 .text.rt_timer_check
                0x08002098       0x98 build/timer.o
                0x08002098                rt_timer_check
 .text.rt_soft_timer_check
                0x08002130       0xa0 build/timer.o
                0x08002130                rt_soft_timer_check
 .text.rt_thread_timer_entry
                0x080021d0       0x3c build/timer.o
 .text.rt_system_timer_init
                0x0800220c       0x1c build/timer.o
                0x0800220c                rt_system_timer_init
 .text.rt_system_timer_thread_init
                0x08002228       0x58 build/timer.o
                0x08002228                rt_system_timer_thread_init
 .text.rt_thread_exit
                0x08002280       0x5c build/thread.o
                0x08002280                rt_thread_exit
 .text._rt_thread_init
                0x080022dc       0x80 build/thread.o
 .text.rt_thread_timeout
                0x0800235c       0x24 build/thread.o
                0x0800235c                rt_thread_timeout
 .text.rt_thread_init
                0x08002380       0x36 build/thread.o
                0x08002380                rt_thread_init
 *fill*         0x080023b6        0x2 
 .text.rt_thread_self
                0x080023b8        0xc build/thread.o
                0x080023b8                rt_thread_self
 .text.rt_thread_create
                0x080023c4       0x50 build/thread.o
                0x080023c4                rt_thread_create
 .text.rt_thread_yield
                0x08002414       0x5c build/thread.o
                0x08002414                rt_thread_yield
 .text.rt_thread_suspend
                0x08002470       0x44 build/thread.o
                0x08002470                rt_thread_suspend
 .text.rt_thread_sleep
                0x080024b4       0x4c build/thread.o
                0x080024b4                rt_thread_sleep
 .text.rt_thread_delay
                0x08002500        0x8 build/thread.o
                0x08002500                rt_thread_delay
 .text.rt_thread_mdelay
                0x08002508        0xc build/thread.o
                0x08002508                rt_thread_mdelay
 .text.rt_thread_resume
                0x08002514       0x46 build/thread.o
                0x08002514                rt_thread_resume
 .text.rt_thread_startup
                0x0800255a       0x3c build/thread.o
                0x0800255a                rt_thread_startup
 *fill*         0x08002596        0x2 
 .text.rt_object_get_information
                0x08002598       0x24 build/object.o
                0x08002598                rt_object_get_information
 .text.rt_object_init
                0x080025bc       0x52 build/object.o
                0x080025bc                rt_object_init
 .text.rt_object_detach
                0x0800260e       0x24 build/object.o
                0x0800260e                rt_object_detach
 .text.rt_object_allocate
                0x08002632       0x4c build/object.o
                0x08002632                rt_object_allocate
 .text.rt_object_delete
                0x0800267e       0x2a build/object.o
                0x0800267e                rt_object_delete
 .text.rt_object_is_systemobject
                0x080026a8       0x10 build/object.o
                0x080026a8                rt_object_is_systemobject
 .text.rt_sem_init
                0x080026b8       0x20 build/ipc.o
                0x080026b8                rt_sem_init
 .text.rt_sem_take
                0x080026d8       0xcc build/ipc.o
                0x080026d8                rt_sem_take
 .text.rt_sem_release
                0x080027a4       0x38 build/ipc.o
                0x080027a4                rt_sem_release
 .text.print_number
                0x080027dc      0x168 build/kservice.o
 .text.rt_memset
                0x08002944       0x4e build/kservice.o
                0x08002944                rt_memset
 .text.rt_strncpy
                0x08002992       0x28 build/kservice.o
                0x08002992                rt_strncpy
 .text.rt_strlen
                0x080029ba        0xe build/kservice.o
                0x080029ba                rt_strlen
 .text.rt_vsnprintf
                0x080029c8      0x2f0 build/kservice.o
                0x080029c8                rt_vsnprintf
 .text.rt_kprintf
                0x08002cb8       0x2c build/kservice.o
                0x08002cb8                rt_kprintf
 .text.rt_show_version
                0x08002ce4       0x40 build/kservice.o
                0x08002ce4                rt_show_version
 .text.__rt_ffs
                0x08002d24       0x44 build/kservice.o
                0x08002d24                __rt_ffs
 .text.rt_tick_get
                0x08002d68        0xc build/clock.o
                0x08002d68                rt_tick_get
 .text.rt_tick_increase
                0x08002d74       0x2c build/clock.o
                0x08002d74                rt_tick_increase
 .text.rt_tick_from_millisecond
                0x08002da0       0x3c build/clock.o
                0x08002da0                rt_tick_from_millisecond
 .text.rt_system_scheduler_init
                0x08002ddc       0x58 build/scheduler.o
                0x08002ddc                rt_system_scheduler_init
 .text.rt_system_scheduler_start
                0x08002e34       0x40 build/scheduler.o
                0x08002e34                rt_system_scheduler_start
 .text.rt_schedule
                0x08002e74       0x84 build/scheduler.o
                0x08002e74                rt_schedule
 .text.rt_schedule_insert_thread
                0x08002ef8       0x60 build/scheduler.o
                0x08002ef8                rt_schedule_insert_thread
 .text.rt_schedule_remove_thread
                0x08002f58       0x64 build/scheduler.o
                0x08002f58                rt_schedule_remove_thread
 .text.rt_enter_critical
                0x08002fbc       0x18 build/scheduler.o
                0x08002fbc                rt_enter_critical
 .text.rt_exit_critical
                0x08002fd4       0x3c build/scheduler.o
                0x08002fd4                rt_exit_critical
 .text.rt_interrupt_enter
                0x08003010       0x1c build/irq.o
                0x08003010                rt_interrupt_enter
 .text.rt_interrupt_leave
                0x0800302c       0x1c build/irq.o
                0x0800302c                rt_interrupt_leave
 .text.rt_thread_idle_excute
                0x08003048       0x84 build/idle.o
                0x08003048                rt_thread_idle_excute
 .text.rt_thread_idle_entry
                0x080030cc        0x8 build/idle.o
 .text.rt_thread_idle_init
                0x080030d4       0x40 build/idle.o
                0x080030d4                rt_thread_idle_init
 .text.plug_holes
                0x08003114       0x68 build/mem.o
 .text.rt_system_heap_init
                0x0800317c       0x80 build/mem.o
                0x0800317c                rt_system_heap_init
 .text.rt_malloc
                0x080031fc      0x120 build/mem.o
                0x080031fc                rt_malloc
 .text.rt_free  0x0800331c       0xa8 build/mem.o
                0x0800331c                rt_free
 .text.rt_hw_stack_init
                0x080033c4       0x4c build/cpuport.o
                0x080033c4                rt_hw_stack_init
 .text.rt_hw_hard_fault_exception
                0x08003410      0x114 build/cpuport.o
                0x08003410                rt_hw_hard_fault_exception
 .text.bsp_uart1_init
                0x08003524       0x28 build/bsp_uart1.o
                0x08003524                bsp_uart1_init
 .text.rt_hw_console_output
                0x0800354c       0x48 build/bsp_uart1.o
                0x0800354c                rt_hw_console_output
 .text.bsp_led_init
                0x08003594       0x38 build/bsp_led.o
                0x08003594                bsp_led_init
 .text.bsp_led_toggle
                0x080035cc       0x24 build/bsp_led.o
                0x080035cc                bsp_led_toggle
 .text.Reset_Handler
                0x080035f0       0x50 build/startup_stm32f407xx.o
                0x080035f0                Reset_Handler
 .text.Default_Handler
                0x08003640        0x2 build/startup_stm32f407xx.o
                0x08003640                RTC_Alarm_IRQHandler
                0x08003640                HASH_RNG_IRQHandler
                0x08003640                EXTI2_IRQHandler
                0x08003640                TIM8_CC_IRQHandler
                0x08003640                TIM1_CC_IRQHandler
                0x08003640                DMA2_Stream5_IRQHandler
                0x08003640                DMA1_Stream5_IRQHandler
                0x08003640                PVD_IRQHandler
                0x08003640                SDIO_IRQHandler
                0x08003640                TAMP_STAMP_IRQHandler
                0x08003640                CAN2_RX1_IRQHandler
                0x08003640                EXTI3_IRQHandler
                0x08003640                TIM8_TRG_COM_TIM14_IRQHandler
                0x08003640                TIM1_UP_TIM10_IRQHandler
                0x08003640                TIM8_UP_TIM13_IRQHandler
                0x08003640                I2C3_ER_IRQHandler
                0x08003640                EXTI0_IRQHandler
                0x08003640                I2C2_EV_IRQHandler
                0x08003640                DMA1_Stream2_IRQHandler
                0x08003640                CAN1_RX0_IRQHandler
                0x08003640                FPU_IRQHandler
                0x08003640                OTG_HS_WKUP_IRQHandler
                0x08003640                CAN2_SCE_IRQHandler
                0x08003640                DMA2_Stream2_IRQHandler
                0x08003640                SPI1_IRQHandler
                0x08003640                TIM6_DAC_IRQHandler
                0x08003640                TIM1_BRK_TIM9_IRQHandler
                0x08003640                DCMI_IRQHandler
                0x08003640                CAN2_RX0_IRQHandler
                0x08003640                DMA2_Stream3_IRQHandler
                0x08003640                USART6_IRQHandler
                0x08003640                USART3_IRQHandler
                0x08003640                CAN1_RX1_IRQHandler
                0x08003640                UART5_IRQHandler
                0x08003640                DMA2_Stream0_IRQHandler
                0x08003640                TIM4_IRQHandler
                0x08003640                I2C1_EV_IRQHandler
                0x08003640                DMA1_Stream6_IRQHandler
                0x08003640                DMA1_Stream1_IRQHandler
                0x08003640                UART4_IRQHandler
                0x08003640                TIM3_IRQHandler
                0x08003640                RCC_IRQHandler
                0x08003640                TIM8_BRK_TIM12_IRQHandler
                0x08003640                Default_Handler
                0x08003640                EXTI15_10_IRQHandler
                0x08003640                ADC_IRQHandler
                0x08003640                DMA1_Stream7_IRQHandler
                0x08003640                TIM7_IRQHandler
                0x08003640                CAN2_TX_IRQHandler
                0x08003640                TIM5_IRQHandler
                0x08003640                DMA2_Stream7_IRQHandler
                0x08003640                I2C3_EV_IRQHandler
                0x08003640                EXTI9_5_IRQHandler
                0x08003640                RTC_WKUP_IRQHandler
                0x08003640                ETH_WKUP_IRQHandler
                0x08003640                SPI2_IRQHandler
                0x08003640                OTG_HS_EP1_IN_IRQHandler
                0x08003640                DMA1_Stream0_IRQHandler
                0x08003640                CAN1_TX_IRQHandler
                0x08003640                EXTI4_IRQHandler
                0x08003640                FSMC_IRQHandler
                0x08003640                ETH_IRQHandler
                0x08003640                OTG_HS_EP1_OUT_IRQHandler
                0x08003640                WWDG_IRQHandler
                0x08003640                TIM2_IRQHandler
                0x08003640                OTG_FS_WKUP_IRQHandler
                0x08003640                TIM1_TRG_COM_TIM11_IRQHandler
                0x08003640                OTG_HS_IRQHandler
                0x08003640                EXTI1_IRQHandler
                0x08003640                USART2_IRQHandler
                0x08003640                I2C2_ER_IRQHandler
                0x08003640                DMA2_Stream1_IRQHandler
                0x08003640                CAN1_SCE_IRQHandler
                0x08003640                FLASH_IRQHandler
                0x08003640                DMA2_Stream4_IRQHandler
                0x08003640                USART1_IRQHandler
                0x08003640                OTG_FS_IRQHandler
                0x08003640                SPI3_IRQHandler
                0x08003640                DMA1_Stream4_IRQHandler
                0x08003640                I2C1_ER_IRQHandler
                0x08003640                DMA2_Stream6_IRQHandler
                0x08003640                DMA1_Stream3_IRQHandler
 *fill*         0x08003642        0x2 
 .text.__libc_init_array
                0x08003644       0x48 c:/program files (x86)/gnu arm embedded toolchain/2020-q2-update/bin/../lib/gcc/arm-none-eabi/9.3.1/../../../../arm-none-eabi/lib/thumb/v7e-m/nofp\libc_nano.a(lib_a-init.o)
                0x08003644                __libc_init_array
 .text.memset   0x0800368c       0x10 c:/program files (x86)/gnu arm embedded toolchain/2020-q2-update/bin/../lib/gcc/arm-none-eabi/9.3.1/../../../../arm-none-eabi/lib/thumb/v7e-m/nofp\libc_nano.a(lib_a-memset.o)
                0x0800368c                memset
 .text.__cvt    0x0800369c       0xc0 c:/program files (x86)/gnu arm embedded toolchain/2020-q2-update/bin/../lib/gcc/arm-none-eabi/9.3.1/../../../../arm-none-eabi/lib/thumb/v7e-m/nofp\libc_nano.a(lib_a-nano-vfprintf_float.o)
                0x0800369c                __cvt
 .text.__exponent
                0x0800375c       0x7c c:/program files (x86)/gnu arm embedded toolchain/2020-q2-update/bin/../lib/gcc/arm-none-eabi/9.3.1/../../../../arm-none-eabi/lib/thumb/v7e-m/nofp\libc_nano.a(lib_a-nano-vfprintf_float.o)
                0x0800375c                __exponent
 .text._printf_float
                0x080037d8      0x454 c:/program files (x86)/gnu arm embedded toolchain/2020-q2-update/bin/../lib/gcc/arm-none-eabi/9.3.1/../../../../arm-none-eabi/lib/thumb/v7e-m/nofp\libc_nano.a(lib_a-nano-vfprintf_float.o)
                0x080037d8                _printf_float
 .text._printf_common
                0x08003c2c       0xda c:/program files (x86)/gnu arm embedded toolchain/2020-q2-update/bin/../lib/gcc/arm-none-eabi/9.3.1/../../../../arm-none-eabi/lib/thumb/v7e-m/nofp\libc_nano.a(lib_a-nano-vfprintf_i.o)
                0x08003c2c                _printf_common
 *fill*         0x08003d06        0x2 
 .text._printf_i
                0x08003d08      0x24c c:/program files (x86)/gnu arm embedded toolchain/2020-q2-update/bin/../lib/gcc/arm-none-eabi/9.3.1/../../../../arm-none-eabi/lib/thumb/v7e-m/nofp\libc_nano.a(lib_a-nano-vfprintf_i.o)
                0x08003d08                _printf_i
 .text.quorem   0x08003f54      0x116 c:/program files (x86)/gnu arm embedded toolchain/2020-q2-update/bin/../lib/gcc/arm-none-eabi/9.3.1/../../../../arm-none-eabi/lib/thumb/v7e-m/nofp\libc_nano.a(lib_a-dtoa.o)
 *fill*         0x0800406a        0x6 
 .text._dtoa_r  0x08004070      0xbdc c:/program files (x86)/gnu arm embedded toolchain/2020-q2-update/bin/../lib/gcc/arm-none-eabi/9.3.1/../../../../arm-none-eabi/lib/thumb/v7e-m/nofp\libc_nano.a(lib_a-dtoa.o)
                0x08004070                _dtoa_r
 .text._localeconv_r
                0x08004c4c        0x8 c:/program files (x86)/gnu arm embedded toolchain/2020-q2-update/bin/../lib/gcc/arm-none-eabi/9.3.1/../../../../arm-none-eabi/lib/thumb/v7e-m/nofp\libc_nano.a(lib_a-localeconv.o)
                0x08004c4c                _localeconv_r
 .text.malloc   0x08004c54       0x10 c:/program files (x86)/gnu arm embedded toolchain/2020-q2-update/bin/../lib/gcc/arm-none-eabi/9.3.1/../../../../arm-none-eabi/lib/thumb/v7e-m/nofp\libc_nano.a(lib_a-malloc.o)
                0x08004c54                malloc
 .text.memcpy   0x08004c64       0x1c c:/program files (x86)/gnu arm embedded toolchain/2020-q2-update/bin/../lib/gcc/arm-none-eabi/9.3.1/../../../../arm-none-eabi/lib/thumb/v7e-m/nofp\libc_nano.a(lib_a-memcpy-stub.o)
                0x08004c64                memcpy
 .text._Balloc  0x08004c80       0x80 c:/program files (x86)/gnu arm embedded toolchain/2020-q2-update/bin/../lib/gcc/arm-none-eabi/9.3.1/../../../../arm-none-eabi/lib/thumb/v7e-m/nofp\libc_nano.a(lib_a-mprec.o)
                0x08004c80                _Balloc
 .text._Bfree   0x08004d00       0x44 c:/program files (x86)/gnu arm embedded toolchain/2020-q2-update/bin/../lib/gcc/arm-none-eabi/9.3.1/../../../../arm-none-eabi/lib/thumb/v7e-m/nofp\libc_nano.a(lib_a-mprec.o)
                0x08004d00                _Bfree
 .text.__multadd
                0x08004d44       0x94 c:/program files (x86)/gnu arm embedded toolchain/2020-q2-update/bin/../lib/gcc/arm-none-eabi/9.3.1/../../../../arm-none-eabi/lib/thumb/v7e-m/nofp\libc_nano.a(lib_a-mprec.o)
                0x08004d44                __multadd
 .text.__hi0bits
                0x08004dd8       0x40 c:/program files (x86)/gnu arm embedded toolchain/2020-q2-update/bin/../lib/gcc/arm-none-eabi/9.3.1/../../../../arm-none-eabi/lib/thumb/v7e-m/nofp\libc_nano.a(lib_a-mprec.o)
                0x08004dd8                __hi0bits
 .text.__lo0bits
                0x08004e18       0x5c c:/program files (x86)/gnu arm embedded toolchain/2020-q2-update/bin/../lib/gcc/arm-none-eabi/9.3.1/../../../../arm-none-eabi/lib/thumb/v7e-m/nofp\libc_nano.a(lib_a-mprec.o)
                0x08004e18                __lo0bits
 .text.__i2b    0x08004e74       0x2c c:/program files (x86)/gnu arm embedded toolchain/2020-q2-update/bin/../lib/gcc/arm-none-eabi/9.3.1/../../../../arm-none-eabi/lib/thumb/v7e-m/nofp\libc_nano.a(lib_a-mprec.o)
                0x08004e74                __i2b
 .text.__multiply
                0x08004ea0      0x14c c:/program files (x86)/gnu arm embedded toolchain/2020-q2-update/bin/../lib/gcc/arm-none-eabi/9.3.1/../../../../arm-none-eabi/lib/thumb/v7e-m/nofp\libc_nano.a(lib_a-mprec.o)
                0x08004ea0                __multiply
 .text.__pow5mult
                0x08004fec       0xb4 c:/program files (x86)/gnu arm embedded toolchain/2020-q2-update/bin/../lib/gcc/arm-none-eabi/9.3.1/../../../../arm-none-eabi/lib/thumb/v7e-m/nofp\libc_nano.a(lib_a-mprec.o)
                0x08004fec                __pow5mult
 .text.__lshift
                0x080050a0       0xd8 c:/program files (x86)/gnu arm embedded toolchain/2020-q2-update/bin/../lib/gcc/arm-none-eabi/9.3.1/../../../../arm-none-eabi/lib/thumb/v7e-m/nofp\libc_nano.a(lib_a-mprec.o)
                0x080050a0                __lshift
 .text.__mcmp   0x08005178       0x36 c:/program files (x86)/gnu arm embedded toolchain/2020-q2-update/bin/../lib/gcc/arm-none-eabi/9.3.1/../../../../arm-none-eabi/lib/thumb/v7e-m/nofp\libc_nano.a(lib_a-mprec.o)
                0x08005178                __mcmp
 *fill*         0x080051ae        0x2 
 .text.__mdiff  0x080051b0      0x114 c:/program files (x86)/gnu arm embedded toolchain/2020-q2-update/bin/../lib/gcc/arm-none-eabi/9.3.1/../../../../arm-none-eabi/lib/thumb/v7e-m/nofp\libc_nano.a(lib_a-mprec.o)
                0x080051b0                __mdiff
 .text.__d2b    0x080052c4       0xb8 c:/program files (x86)/gnu arm embedded toolchain/2020-q2-update/bin/../lib/gcc/arm-none-eabi/9.3.1/../../../../arm-none-eabi/lib/thumb/v7e-m/nofp\libc_nano.a(lib_a-mprec.o)
                0x080052c4                __d2b
 .text._calloc_r
                0x0800537c       0x1c c:/program files (x86)/gnu arm embedded toolchain/2020-q2-update/bin/../lib/gcc/arm-none-eabi/9.3.1/../../../../arm-none-eabi/lib/thumb/v7e-m/nofp\libc_nano.a(lib_a-nano-callocr.o)
                0x0800537c                _calloc_r
 .text._free_r  0x08005398       0x9c c:/program files (x86)/gnu arm embedded toolchain/2020-q2-update/bin/../lib/gcc/arm-none-eabi/9.3.1/../../../../arm-none-eabi/lib/thumb/v7e-m/nofp\libc_nano.a(lib_a-nano-freer.o)
                0x08005398                _free_r
 .text._malloc_r
                0x08005434       0xb4 c:/program files (x86)/gnu arm embedded toolchain/2020-q2-update/bin/../lib/gcc/arm-none-eabi/9.3.1/../../../../arm-none-eabi/lib/thumb/v7e-m/nofp\libc_nano.a(lib_a-nano-mallocr.o)
                0x08005434                _malloc_r
 .text._sbrk_r  0x080054e8       0x20 c:/program files (x86)/gnu arm embedded toolchain/2020-q2-update/bin/../lib/gcc/arm-none-eabi/9.3.1/../../../../arm-none-eabi/lib/thumb/v7e-m/nofp\libc_nano.a(lib_a-sbrkr.o)
                0x080054e8                _sbrk_r
 .text.__assert_func
                0x08005508       0x3c c:/program files (x86)/gnu arm embedded toolchain/2020-q2-update/bin/../lib/gcc/arm-none-eabi/9.3.1/../../../../arm-none-eabi/lib/thumb/v7e-m/nofp\libc_nano.a(lib_a-assert.o)
                0x08005508                __assert_func
 .text.fprintf  0x08005544       0x24 c:/program files (x86)/gnu arm embedded toolchain/2020-q2-update/bin/../lib/gcc/arm-none-eabi/9.3.1/../../../../arm-none-eabi/lib/thumb/v7e-m/nofp\libc_nano.a(lib_a-fprintf.o)
                0x08005544                fiprintf
                0x08005544                fprintf
 .text.__ascii_mbtowc
                0x08005568       0x24 c:/program files (x86)/gnu arm embedded toolchain/2020-q2-update/bin/../lib/gcc/arm-none-eabi/9.3.1/../../../../arm-none-eabi/lib/thumb/v7e-m/nofp\libc_nano.a(lib_a-mbtowc_r.o)
                0x08005568                __ascii_mbtowc
 .text.__malloc_lock
                0x0800558c        0xc c:/program files (x86)/gnu arm embedded toolchain/2020-q2-update/bin/../lib/gcc/arm-none-eabi/9.3.1/../../../../arm-none-eabi/lib/thumb/v7e-m/nofp\libc_nano.a(lib_a-mlock.o)
                0x0800558c                __malloc_lock
 .text.__malloc_unlock
                0x08005598        0xc c:/program files (x86)/gnu arm embedded toolchain/2020-q2-update/bin/../lib/gcc/arm-none-eabi/9.3.1/../../../../arm-none-eabi/lib/thumb/v7e-m/nofp\libc_nano.a(lib_a-mlock.o)
                0x08005598                __malloc_unlock
 .text.__sfputc_r
                0x080055a4       0x2a c:/program files (x86)/gnu arm embedded toolchain/2020-q2-update/bin/../lib/gcc/arm-none-eabi/9.3.1/../../../../arm-none-eabi/lib/thumb/v7e-m/nofp\libc_nano.a(lib_a-nano-vfprintf.o)
 .text.__sfputs_r
                0x080055ce       0x24 c:/program files (x86)/gnu arm embedded toolchain/2020-q2-update/bin/../lib/gcc/arm-none-eabi/9.3.1/../../../../arm-none-eabi/lib/thumb/v7e-m/nofp\libc_nano.a(lib_a-nano-vfprintf.o)
                0x080055ce                __sfputs_r
 *fill*         0x080055f2        0x2 
 .text._vfprintf_r
                0x080055f4      0x260 c:/program files (x86)/gnu arm embedded toolchain/2020-q2-update/bin/../lib/gcc/arm-none-eabi/9.3.1/../../../../arm-none-eabi/lib/thumb/v7e-m/nofp\libc_nano.a(lib_a-nano-vfprintf.o)
                0x080055f4                _vfprintf_r
                0x080055f4                _vfiprintf_r
 .text.__swbuf_r
                0x08005854       0xa4 c:/program files (x86)/gnu arm embedded toolchain/2020-q2-update/bin/../lib/gcc/arm-none-eabi/9.3.1/../../../../arm-none-eabi/lib/thumb/v7e-m/nofp\libc_nano.a(lib_a-wbuf.o)
                0x08005854                __swbuf_r
 .text.__ascii_wctomb
                0x080058f8       0x1a c:/program files (x86)/gnu arm embedded toolchain/2020-q2-update/bin/../lib/gcc/arm-none-eabi/9.3.1/../../../../arm-none-eabi/lib/thumb/v7e-m/nofp\libc_nano.a(lib_a-wctomb_r.o)
                0x080058f8                __ascii_wctomb
 *fill*         0x08005912        0x2 
 .text.__swsetup_r
                0x08005914       0xdc c:/program files (x86)/gnu arm embedded toolchain/2020-q2-update/bin/../lib/gcc/arm-none-eabi/9.3.1/../../../../arm-none-eabi/lib/thumb/v7e-m/nofp\libc_nano.a(lib_a-wsetup.o)
                0x08005914                __swsetup_r
 .text.abort    0x080059f0        0xe c:/program files (x86)/gnu arm embedded toolchain/2020-q2-update/bin/../lib/gcc/arm-none-eabi/9.3.1/../../../../arm-none-eabi/lib/thumb/v7e-m/nofp\libc_nano.a(lib_a-abort.o)
                0x080059f0                abort
 *fill*         0x080059fe        0x2 
 .text.__sflush_r
                0x08005a00      0x10c c:/program files (x86)/gnu arm embedded toolchain/2020-q2-update/bin/../lib/gcc/arm-none-eabi/9.3.1/../../../../arm-none-eabi/lib/thumb/v7e-m/nofp\libc_nano.a(lib_a-fflush.o)
                0x08005a00                __sflush_r
 .text._fflush_r
                0x08005b0c       0x78 c:/program files (x86)/gnu arm embedded toolchain/2020-q2-update/bin/../lib/gcc/arm-none-eabi/9.3.1/../../../../arm-none-eabi/lib/thumb/v7e-m/nofp\libc_nano.a(lib_a-fflush.o)
                0x08005b0c                _fflush_r
 .text.std      0x08005b84       0x48 c:/program files (x86)/gnu arm embedded toolchain/2020-q2-update/bin/../lib/gcc/arm-none-eabi/9.3.1/../../../../arm-none-eabi/lib/thumb/v7e-m/nofp\libc_nano.a(lib_a-findfp.o)
 .text._cleanup_r
                0x08005bcc        0xc c:/program files (x86)/gnu arm embedded toolchain/2020-q2-update/bin/../lib/gcc/arm-none-eabi/9.3.1/../../../../arm-none-eabi/lib/thumb/v7e-m/nofp\libc_nano.a(lib_a-findfp.o)
                0x08005bcc                _cleanup_r
 .text.__sfmoreglue
                0x08005bd8       0x2c c:/program files (x86)/gnu arm embedded toolchain/2020-q2-update/bin/../lib/gcc/arm-none-eabi/9.3.1/../../../../arm-none-eabi/lib/thumb/v7e-m/nofp\libc_nano.a(lib_a-findfp.o)
                0x08005bd8                __sfmoreglue
 .text.__sfp_lock_acquire
                0x08005c04        0xc c:/program files (x86)/gnu arm embedded toolchain/2020-q2-update/bin/../lib/gcc/arm-none-eabi/9.3.1/../../../../arm-none-eabi/lib/thumb/v7e-m/nofp\libc_nano.a(lib_a-findfp.o)
                0x08005c04                __sfp_lock_acquire
 .text.__sfp_lock_release
                0x08005c10        0xc c:/program files (x86)/gnu arm embedded toolchain/2020-q2-update/bin/../lib/gcc/arm-none-eabi/9.3.1/../../../../arm-none-eabi/lib/thumb/v7e-m/nofp\libc_nano.a(lib_a-findfp.o)
                0x08005c10                __sfp_lock_release
 .text.__sinit_lock_acquire
                0x08005c1c        0xc c:/program files (x86)/gnu arm embedded toolchain/2020-q2-update/bin/../lib/gcc/arm-none-eabi/9.3.1/../../../../arm-none-eabi/lib/thumb/v7e-m/nofp\libc_nano.a(lib_a-findfp.o)
                0x08005c1c                __sinit_lock_acquire
 .text.__sinit_lock_release
                0x08005c28        0xc c:/program files (x86)/gnu arm embedded toolchain/2020-q2-update/bin/../lib/gcc/arm-none-eabi/9.3.1/../../../../arm-none-eabi/lib/thumb/v7e-m/nofp\libc_nano.a(lib_a-findfp.o)
                0x08005c28                __sinit_lock_release
 .text.__sinit  0x08005c34       0x70 c:/program files (x86)/gnu arm embedded toolchain/2020-q2-update/bin/../lib/gcc/arm-none-eabi/9.3.1/../../../../arm-none-eabi/lib/thumb/v7e-m/nofp\libc_nano.a(lib_a-findfp.o)
                0x08005c34                __sinit
 .text.__sfp    0x08005ca4       0x8c c:/program files (x86)/gnu arm embedded toolchain/2020-q2-update/bin/../lib/gcc/arm-none-eabi/9.3.1/../../../../arm-none-eabi/lib/thumb/v7e-m/nofp\libc_nano.a(lib_a-findfp.o)
                0x08005ca4                __sfp
 .text._fwalk_reent
                0x08005d30       0x3e c:/program files (x86)/gnu arm embedded toolchain/2020-q2-update/bin/../lib/gcc/arm-none-eabi/9.3.1/../../../../arm-none-eabi/lib/thumb/v7e-m/nofp\libc_nano.a(lib_a-fwalk.o)
                0x08005d30                _fwalk_reent
 .text.__retarget_lock_init_recursive
                0x08005d6e        0x2 c:/program files (x86)/gnu arm embedded toolchain/2020-q2-update/bin/../lib/gcc/arm-none-eabi/9.3.1/../../../../arm-none-eabi/lib/thumb/v7e-m/nofp\libc_nano.a(lib_a-lock.o)
                0x08005d6e                __retarget_lock_init_recursive
 .text.__retarget_lock_acquire_recursive
                0x08005d70        0x2 c:/program files (x86)/gnu arm embedded toolchain/2020-q2-update/bin/../lib/gcc/arm-none-eabi/9.3.1/../../../../arm-none-eabi/lib/thumb/v7e-m/nofp\libc_nano.a(lib_a-lock.o)
                0x08005d70                __retarget_lock_acquire_recursive
 .text.__retarget_lock_release_recursive
                0x08005d72        0x2 c:/program files (x86)/gnu arm embedded toolchain/2020-q2-update/bin/../lib/gcc/arm-none-eabi/9.3.1/../../../../arm-none-eabi/lib/thumb/v7e-m/nofp\libc_nano.a(lib_a-lock.o)
                0x08005d72                __retarget_lock_release_recursive
 .text.__swhatbuf_r
                0x08005d74       0x48 c:/program files (x86)/gnu arm embedded toolchain/2020-q2-update/bin/../lib/gcc/arm-none-eabi/9.3.1/../../../../arm-none-eabi/lib/thumb/v7e-m/nofp\libc_nano.a(lib_a-makebuf.o)
                0x08005d74                __swhatbuf_r
 .text.__smakebuf_r
                0x08005dbc       0x80 c:/program files (x86)/gnu arm embedded toolchain/2020-q2-update/bin/../lib/gcc/arm-none-eabi/9.3.1/../../../../arm-none-eabi/lib/thumb/v7e-m/nofp\libc_nano.a(lib_a-makebuf.o)
                0x08005dbc                __smakebuf_r
 .text._raise_r
                0x08005e3c       0x50 c:/program files (x86)/gnu arm embedded toolchain/2020-q2-update/bin/../lib/gcc/arm-none-eabi/9.3.1/../../../../arm-none-eabi/lib/thumb/v7e-m/nofp\libc_nano.a(lib_a-signal.o)
                0x08005e3c                _raise_r
 .text.raise    0x08005e8c       0x10 c:/program files (x86)/gnu arm embedded toolchain/2020-q2-update/bin/../lib/gcc/arm-none-eabi/9.3.1/../../../../arm-none-eabi/lib/thumb/v7e-m/nofp\libc_nano.a(lib_a-signal.o)
                0x08005e8c                raise
 .text._kill_r  0x08005e9c       0x24 c:/program files (x86)/gnu arm embedded toolchain/2020-q2-update/bin/../lib/gcc/arm-none-eabi/9.3.1/../../../../arm-none-eabi/lib/thumb/v7e-m/nofp\libc_nano.a(lib_a-signalr.o)
                0x08005e9c                _kill_r
 .text._getpid_r
                0x08005ec0        0x4 c:/program files (x86)/gnu arm embedded toolchain/2020-q2-update/bin/../lib/gcc/arm-none-eabi/9.3.1/../../../../arm-none-eabi/lib/thumb/v7e-m/nofp\libc_nano.a(lib_a-signalr.o)
                0x08005ec0                _getpid_r
 .text.__sread  0x08005ec4       0x22 c:/program files (x86)/gnu arm embedded toolchain/2020-q2-update/bin/../lib/gcc/arm-none-eabi/9.3.1/../../../../arm-none-eabi/lib/thumb/v7e-m/nofp\libc_nano.a(lib_a-stdio.o)
                0x08005ec4                __sread
 .text.__swrite
                0x08005ee6       0x38 c:/program files (x86)/gnu arm embedded toolchain/2020-q2-update/bin/../lib/gcc/arm-none-eabi/9.3.1/../../../../arm-none-eabi/lib/thumb/v7e-m/nofp\libc_nano.a(lib_a-stdio.o)
                0x08005ee6                __swrite
 .text.__sseek  0x08005f1e       0x24 c:/program files (x86)/gnu arm embedded toolchain/2020-q2-update/bin/../lib/gcc/arm-none-eabi/9.3.1/../../../../arm-none-eabi/lib/thumb/v7e-m/nofp\libc_nano.a(lib_a-stdio.o)
                0x08005f1e                __sseek
 .text.__sclose
                0x08005f42        0x8 c:/program files (x86)/gnu arm embedded toolchain/2020-q2-update/bin/../lib/gcc/arm-none-eabi/9.3.1/../../../../arm-none-eabi/lib/thumb/v7e-m/nofp\libc_nano.a(lib_a-stdio.o)
                0x08005f42                __sclose
 *fill*         0x08005f4a        0x2 
 .text._write_r
                0x08005f4c       0x24 c:/program files (x86)/gnu arm embedded toolchain/2020-q2-update/bin/../lib/gcc/arm-none-eabi/9.3.1/../../../../arm-none-eabi/lib/thumb/v7e-m/nofp\libc_nano.a(lib_a-writer.o)
                0x08005f4c                _write_r
 .text._close_r
                0x08005f70       0x20 c:/program files (x86)/gnu arm embedded toolchain/2020-q2-update/bin/../lib/gcc/arm-none-eabi/9.3.1/../../../../arm-none-eabi/lib/thumb/v7e-m/nofp\libc_nano.a(lib_a-closer.o)
                0x08005f70                _close_r
 .text._fstat_r
                0x08005f90       0x24 c:/program files (x86)/gnu arm embedded toolchain/2020-q2-update/bin/../lib/gcc/arm-none-eabi/9.3.1/../../../../arm-none-eabi/lib/thumb/v7e-m/nofp\libc_nano.a(lib_a-fstatr.o)
                0x08005f90                _fstat_r
 .text._isatty_r
                0x08005fb4       0x20 c:/program files (x86)/gnu arm embedded toolchain/2020-q2-update/bin/../lib/gcc/arm-none-eabi/9.3.1/../../../../arm-none-eabi/lib/thumb/v7e-m/nofp\libc_nano.a(lib_a-isattyr.o)
                0x08005fb4                _isatty_r
 .text._lseek_r
                0x08005fd4       0x24 c:/program files (x86)/gnu arm embedded toolchain/2020-q2-update/bin/../lib/gcc/arm-none-eabi/9.3.1/../../../../arm-none-eabi/lib/thumb/v7e-m/nofp\libc_nano.a(lib_a-lseekr.o)
                0x08005fd4                _lseek_r
 .text._read_r  0x08005ff8       0x24 c:/program files (x86)/gnu arm embedded toolchain/2020-q2-update/bin/../lib/gcc/arm-none-eabi/9.3.1/../../../../arm-none-eabi/lib/thumb/v7e-m/nofp\libc_nano.a(lib_a-readr.o)
                0x08005ff8                _read_r
 .text._close   0x0800601c       0x10 c:/program files (x86)/gnu arm embedded toolchain/2020-q2-update/bin/../lib/gcc/arm-none-eabi/9.3.1/../../../../arm-none-eabi/lib/thumb/v7e-m/nofp\libnosys.a(close.o)
                0x0800601c                _close
 .text._fstat   0x0800602c       0x10 c:/program files (x86)/gnu arm embedded toolchain/2020-q2-update/bin/../lib/gcc/arm-none-eabi/9.3.1/../../../../arm-none-eabi/lib/thumb/v7e-m/nofp\libnosys.a(fstat.o)
                0x0800602c                _fstat
 .text._getpid  0x0800603c       0x10 c:/program files (x86)/gnu arm embedded toolchain/2020-q2-update/bin/../lib/gcc/arm-none-eabi/9.3.1/../../../../arm-none-eabi/lib/thumb/v7e-m/nofp\libnosys.a(getpid.o)
                0x0800603c                _getpid
 .text._isatty  0x0800604c       0x10 c:/program files (x86)/gnu arm embedded toolchain/2020-q2-update/bin/../lib/gcc/arm-none-eabi/9.3.1/../../../../arm-none-eabi/lib/thumb/v7e-m/nofp\libnosys.a(isatty.o)
                0x0800604c                _isatty
 .text._kill    0x0800605c       0x10 c:/program files (x86)/gnu arm embedded toolchain/2020-q2-update/bin/../lib/gcc/arm-none-eabi/9.3.1/../../../../arm-none-eabi/lib/thumb/v7e-m/nofp\libnosys.a(kill.o)
                0x0800605c                _kill
 .text._lseek   0x0800606c       0x10 c:/program files (x86)/gnu arm embedded toolchain/2020-q2-update/bin/../lib/gcc/arm-none-eabi/9.3.1/../../../../arm-none-eabi/lib/thumb/v7e-m/nofp\libnosys.a(lseek.o)
                0x0800606c                _lseek
 .text._read    0x0800607c       0x10 c:/program files (x86)/gnu arm embedded toolchain/2020-q2-update/bin/../lib/gcc/arm-none-eabi/9.3.1/../../../../arm-none-eabi/lib/thumb/v7e-m/nofp\libnosys.a(read.o)
                0x0800607c                _read
 .text._sbrk    0x0800608c       0x1c c:/program files (x86)/gnu arm embedded toolchain/2020-q2-update/bin/../lib/gcc/arm-none-eabi/9.3.1/../../../../arm-none-eabi/lib/thumb/v7e-m/nofp\libnosys.a(sbrk.o)
                0x0800608c                _sbrk
 .text._write   0x080060a8       0x10 c:/program files (x86)/gnu arm embedded toolchain/2020-q2-update/bin/../lib/gcc/arm-none-eabi/9.3.1/../../../../arm-none-eabi/lib/thumb/v7e-m/nofp\libnosys.a(write.o)
                0x080060a8                _write
 .text._exit    0x080060b8        0x4 c:/program files (x86)/gnu arm embedded toolchain/2020-q2-update/bin/../lib/gcc/arm-none-eabi/9.3.1/../../../../arm-none-eabi/lib/thumb/v7e-m/nofp\libnosys.a(_exit.o)
                0x080060b8                _exit
 *(.glue_7)
 .glue_7        0x080060bc        0x0 linker stubs
 *(.glue_7t)
 .glue_7t       0x080060bc        0x0 linker stubs
 *(.eh_frame)
 .eh_frame      0x080060bc        0x0 c:/program files (x86)/gnu arm embedded toolchain/2020-q2-update/bin/../lib/gcc/arm-none-eabi/9.3.1/thumb/v7e-m/nofp/crtbegin.o
 *(.init)
 .init          0x080060bc        0x4 c:/program files (x86)/gnu arm embedded toolchain/2020-q2-update/bin/../lib/gcc/arm-none-eabi/9.3.1/thumb/v7e-m/nofp/crti.o
                0x080060bc                _init
 .init          0x080060c0        0x8 c:/program files (x86)/gnu arm embedded toolchain/2020-q2-update/bin/../lib/gcc/arm-none-eabi/9.3.1/thumb/v7e-m/nofp/crtn.o
 *(.fini)
 .fini          0x080060c8        0x4 c:/program files (x86)/gnu arm embedded toolchain/2020-q2-update/bin/../lib/gcc/arm-none-eabi/9.3.1/thumb/v7e-m/nofp/crti.o
                0x080060c8                _fini
 .fini          0x080060cc        0x8 c:/program files (x86)/gnu arm embedded toolchain/2020-q2-update/bin/../lib/gcc/arm-none-eabi/9.3.1/thumb/v7e-m/nofp/crtn.o
                0x080060d4                . = ALIGN (0x4)
                0x080060d4                _etext = .

.vfp11_veneer   0x080060d4        0x0
 .vfp11_veneer  0x080060d4        0x0 linker stubs

.v4_bx          0x080060d4        0x0
 .v4_bx         0x080060d4        0x0 linker stubs

.iplt           0x080060d4        0x0
 .iplt          0x080060d4        0x0 c:/program files (x86)/gnu arm embedded toolchain/2020-q2-update/bin/../lib/gcc/arm-none-eabi/9.3.1/thumb/v7e-m/nofp/crtbegin.o

.rodata         0x080060d8      0x7f4
                0x080060d8                . = ALIGN (0x4)
 *(.rodata)
 *(.rodata*)
 .rodata.AHBPrescTable
                0x080060d8       0x10 build/system_stm32f4xx.o
                0x080060d8                AHBPrescTable
 .rodata.APBPrescTable
                0x080060e8        0x8 build/system_stm32f4xx.o
                0x080060e8                APBPrescTable
 .rodata.main.str1.4
                0x080060f0        0xd build/main.o
 *fill*         0x080060fd        0x3 
 .rodata.rt_application_init.str1.4
                0x08006100        0x5 build/components.o
 *fill*         0x08006105        0x3 
 .rodata.rt_system_timer_thread_init.str1.4
                0x08006108        0x6 build/timer.o
 *fill*         0x0800610e        0x2 
 .rodata.rt_vsnprintf.str1.4
                0x08006110        0x7 build/kservice.o
 *fill*         0x08006117        0x1 
 .rodata.rt_show_version.str1.4
                0x08006118       0x86 build/kservice.o
 *fill*         0x0800619e        0x2 
 .rodata.__lowest_bit_bitmap
                0x080061a0      0x100 build/kservice.o
                0x080061a0                __lowest_bit_bitmap
 .rodata.large_digits.4873
                0x080062a0       0x11 build/kservice.o
 *fill*         0x080062b1        0x3 
 .rodata.small_digits.4872
                0x080062b4       0x11 build/kservice.o
 *fill*         0x080062c5        0x3 
 .rodata.rt_thread_idle_init.str1.4
                0x080062c8        0x6 build/idle.o
 *fill*         0x080062ce        0x2 
 .rodata.rt_system_heap_init.str1.4
                0x080062d0       0x42 build/mem.o
 *fill*         0x08006312        0x2 
 .rodata.rt_free.str1.4
                0x08006314       0x4c build/mem.o
 .rodata.rt_hw_hard_fault_exception.str1.4
                0x08006360      0x14a build/cpuport.o
 *fill*         0x080064aa        0x2 
 .rodata._global_impure_ptr
                0x080064ac        0x4 c:/program files (x86)/gnu arm embedded toolchain/2020-q2-update/bin/../lib/gcc/arm-none-eabi/9.3.1/../../../../arm-none-eabi/lib/thumb/v7e-m/nofp\libc_nano.a(lib_a-impure.o)
                0x080064ac                _global_impure_ptr
 .rodata._printf_float.str1.1
                0x080064b0       0x12 c:/program files (x86)/gnu arm embedded toolchain/2020-q2-update/bin/../lib/gcc/arm-none-eabi/9.3.1/../../../../arm-none-eabi/lib/thumb/v7e-m/nofp\libc_nano.a(lib_a-nano-vfprintf_float.o)
 .rodata._printf_i.str1.1
                0x080064c2       0x22 c:/program files (x86)/gnu arm embedded toolchain/2020-q2-update/bin/../lib/gcc/arm-none-eabi/9.3.1/../../../../arm-none-eabi/lib/thumb/v7e-m/nofp\libc_nano.a(lib_a-nano-vfprintf_i.o)
 .rodata._dtoa_r.str1.1
                0x080064e4       0xb1 c:/program files (x86)/gnu arm embedded toolchain/2020-q2-update/bin/../lib/gcc/arm-none-eabi/9.3.1/../../../../arm-none-eabi/lib/thumb/v7e-m/nofp\libc_nano.a(lib_a-dtoa.o)
                                 0xb3 (size before relaxing)
 .rodata._Balloc.str1.1
                0x08006595       0x7d c:/program files (x86)/gnu arm embedded toolchain/2020-q2-update/bin/../lib/gcc/arm-none-eabi/9.3.1/../../../../arm-none-eabi/lib/thumb/v7e-m/nofp\libc_nano.a(lib_a-mprec.o)
                                 0x94 (size before relaxing)
 .rodata.__multadd.str1.1
                0x08006612       0x11 c:/program files (x86)/gnu arm embedded toolchain/2020-q2-update/bin/../lib/gcc/arm-none-eabi/9.3.1/../../../../arm-none-eabi/lib/thumb/v7e-m/nofp\libc_nano.a(lib_a-mprec.o)
 *fill*         0x08006612        0x6 
 .rodata.__mprec_bigtens
                0x08006618       0x28 c:/program files (x86)/gnu arm embedded toolchain/2020-q2-update/bin/../lib/gcc/arm-none-eabi/9.3.1/../../../../arm-none-eabi/lib/thumb/v7e-m/nofp\libc_nano.a(lib_a-mprec.o)
                0x08006618                __mprec_bigtens
 .rodata.__mprec_tens
                0x08006640       0xc8 c:/program files (x86)/gnu arm embedded toolchain/2020-q2-update/bin/../lib/gcc/arm-none-eabi/9.3.1/../../../../arm-none-eabi/lib/thumb/v7e-m/nofp\libc_nano.a(lib_a-mprec.o)
                0x08006640                __mprec_tens
 .rodata.p05.6150
                0x08006708        0xc c:/program files (x86)/gnu arm embedded toolchain/2020-q2-update/bin/../lib/gcc/arm-none-eabi/9.3.1/../../../../arm-none-eabi/lib/thumb/v7e-m/nofp\libc_nano.a(lib_a-mprec.o)
 .rodata.__assert_func.str1.1
                0x08006714       0x3c c:/program files (x86)/gnu arm embedded toolchain/2020-q2-update/bin/../lib/gcc/arm-none-eabi/9.3.1/../../../../arm-none-eabi/lib/thumb/v7e-m/nofp\libc_nano.a(lib_a-assert.o)
                                 0x3d (size before relaxing)
 .rodata._setlocale_r.str1.1
                0x08006750        0x8 c:/program files (x86)/gnu arm embedded toolchain/2020-q2-update/bin/../lib/gcc/arm-none-eabi/9.3.1/../../../../arm-none-eabi/lib/thumb/v7e-m/nofp\libc_nano.a(lib_a-locale.o)
                                  0x9 (size before relaxing)
 .rodata.str1.1
                0x08006758        0x2 c:/program files (x86)/gnu arm embedded toolchain/2020-q2-update/bin/../lib/gcc/arm-none-eabi/9.3.1/../../../../arm-none-eabi/lib/thumb/v7e-m/nofp\libc_nano.a(lib_a-locale.o)
 .rodata._vfprintf_r.str1.1
                0x0800675a       0x11 c:/program files (x86)/gnu arm embedded toolchain/2020-q2-update/bin/../lib/gcc/arm-none-eabi/9.3.1/../../../../arm-none-eabi/lib/thumb/v7e-m/nofp\libc_nano.a(lib_a-nano-vfprintf.o)
 .rodata._ctype_
                0x0800676b      0x101 c:/program files (x86)/gnu arm embedded toolchain/2020-q2-update/bin/../lib/gcc/arm-none-eabi/9.3.1/../../../../arm-none-eabi/lib/thumb/v7e-m/nofp\libc_nano.a(lib_a-ctype_.o)
                0x0800676b                _ctype_
 .rodata.__sf_fake_stderr
                0x0800686c       0x20 c:/program files (x86)/gnu arm embedded toolchain/2020-q2-update/bin/../lib/gcc/arm-none-eabi/9.3.1/../../../../arm-none-eabi/lib/thumb/v7e-m/nofp\libc_nano.a(lib_a-findfp.o)
                0x0800686c                __sf_fake_stderr
 .rodata.__sf_fake_stdin
                0x0800688c       0x20 c:/program files (x86)/gnu arm embedded toolchain/2020-q2-update/bin/../lib/gcc/arm-none-eabi/9.3.1/../../../../arm-none-eabi/lib/thumb/v7e-m/nofp\libc_nano.a(lib_a-findfp.o)
                0x0800688c                __sf_fake_stdin
 .rodata.__sf_fake_stdout
                0x080068ac       0x20 c:/program files (x86)/gnu arm embedded toolchain/2020-q2-update/bin/../lib/gcc/arm-none-eabi/9.3.1/../../../../arm-none-eabi/lib/thumb/v7e-m/nofp\libc_nano.a(lib_a-findfp.o)
                0x080068ac                __sf_fake_stdout
                0x080068cc                . = ALIGN (0x4)

.rti_fn.0.end   0x080068cc        0x4
 .rti_fn.0.end  0x080068cc        0x4 build/components.o
                0x080068cc                __rt_init_rti_board_start

.rti_fn.1.end   0x080068d0        0x4
 .rti_fn.1.end  0x080068d0        0x4 build/components.o
                0x080068d0                __rt_init_rti_board_end

.rti_fn.6.end   0x080068d4        0x4
 .rti_fn.6.end  0x080068d4        0x4 build/components.o
                0x080068d4                __rt_init_rti_end

.ARM.extab
 *(.ARM.extab* .gnu.linkonce.armextab.*)

.ARM            0x080068d8        0x8
                0x080068d8                __exidx_start = .
 *(.ARM.exidx*)
 .ARM.exidx     0x080068d8        0x8 c:/program files (x86)/gnu arm embedded toolchain/2020-q2-update/bin/../lib/gcc/arm-none-eabi/9.3.1/thumb/v7e-m/nofp\libgcc.a(_udivmoddi4.o)
                0x080068e0                __exidx_end = .

.rel.dyn        0x080068e0        0x0
 .rel.iplt      0x080068e0        0x0 c:/program files (x86)/gnu arm embedded toolchain/2020-q2-update/bin/../lib/gcc/arm-none-eabi/9.3.1/thumb/v7e-m/nofp/crtbegin.o

.preinit_array  0x080068e0        0x0
                0x080068e0                PROVIDE (__preinit_array_start = .)
 *(.preinit_array*)
                0x080068e0                PROVIDE (__preinit_array_end = .)

.init_array     0x080068e0        0x4
                0x080068e0                PROVIDE (__init_array_start = .)
 *(SORT_BY_NAME(.init_array.*))
 *(.init_array*)
 .init_array    0x080068e0        0x4 c:/program files (x86)/gnu arm embedded toolchain/2020-q2-update/bin/../lib/gcc/arm-none-eabi/9.3.1/thumb/v7e-m/nofp/crtbegin.o
                0x080068e4                PROVIDE (__init_array_end = .)

.fini_array     0x080068e4        0x4
                [!provide]                PROVIDE (__fini_array_start = .)
 *(SORT_BY_NAME(.fini_array.*))
 *(.fini_array*)
 .fini_array    0x080068e4        0x4 c:/program files (x86)/gnu arm embedded toolchain/2020-q2-update/bin/../lib/gcc/arm-none-eabi/9.3.1/thumb/v7e-m/nofp/crtbegin.o
                [!provide]                PROVIDE (__fini_array_end = .)
                0x080068e8                _sidata = LOADADDR (.data)

.data           0x20000000      0x228 load address 0x080068e8
                0x20000000                . = ALIGN (0x4)
                0x20000000                _sdata = .
 *(.data)
 *(.data*)
 .data.SystemCoreClock
                0x20000000        0x4 build/system_stm32f4xx.o
                0x20000000                SystemCoreClock
 .data.uwTickPrio
                0x20000004        0x4 build/stm32f4xx_hal.o
                0x20000004                uwTickPrio
 .data.rt_object_container
                0x20000008       0x50 build/object.o
 .data._impure_ptr
                0x20000058        0x4 c:/program files (x86)/gnu arm embedded toolchain/2020-q2-update/bin/../lib/gcc/arm-none-eabi/9.3.1/../../../../arm-none-eabi/lib/thumb/v7e-m/nofp\libc_nano.a(lib_a-impure.o)
                0x20000058                _impure_ptr
 .data.impure_data
                0x2000005c       0x60 c:/program files (x86)/gnu arm embedded toolchain/2020-q2-update/bin/../lib/gcc/arm-none-eabi/9.3.1/../../../../arm-none-eabi/lib/thumb/v7e-m/nofp\libc_nano.a(lib_a-impure.o)
 .data.__global_locale
                0x200000bc      0x16c c:/program files (x86)/gnu arm embedded toolchain/2020-q2-update/bin/../lib/gcc/arm-none-eabi/9.3.1/../../../../arm-none-eabi/lib/thumb/v7e-m/nofp\libc_nano.a(lib_a-locale.o)
                0x200000bc                __global_locale
                0x20000228                . = ALIGN (0x4)
                0x20000228                _edata = .
                0x08006b10                _siccmram = LOADADDR (.ccmram)

.igot.plt       0x20000228        0x0 load address 0x08006b10
 .igot.plt      0x20000228        0x0 c:/program files (x86)/gnu arm embedded toolchain/2020-q2-update/bin/../lib/gcc/arm-none-eabi/9.3.1/thumb/v7e-m/nofp/crtbegin.o

.ccmram         0x10000000        0x0 load address 0x08006b10
                0x10000000                . = ALIGN (0x4)
                0x10000000                _sccmram = .
 *(.ccmram)
 *(.ccmram*)
                0x10000000                . = ALIGN (0x4)
                0x10000000                _eccmram = .
                0x10000000                . = ALIGN (0x4)

.bss            0x20000228     0xada0
                0x20000228                _sbss = .
                0x20000228                __bss_start__ = _sbss
 *(.bss)
 .bss           0x20000228       0x1c c:/program files (x86)/gnu arm embedded toolchain/2020-q2-update/bin/../lib/gcc/arm-none-eabi/9.3.1/thumb/v7e-m/nofp/crtbegin.o
 *(.bss*)
 .bss.rt_heap   0x20000244     0xa000 build/board.o
 .bss.random_nr.4761
                0x2000a244        0x4 build/timer.o
 .bss.rt_soft_timer_list
                0x2000a248        0x8 build/timer.o
 .bss.rt_timer_list
                0x2000a250        0x8 build/timer.o
 .bss.timer_thread
                0x2000a258       0x84 build/timer.o
 .bss.timer_thread_stack
                0x2000a2dc      0x200 build/timer.o
 .bss.rt_log_buf.4974
                0x2000a4dc       0x80 build/kservice.o
 .bss.rt_tick   0x2000a55c        0x4 build/clock.o
 .bss.rt_scheduler_lock_nest
                0x2000a560        0x2 build/scheduler.o
 *fill*         0x2000a562        0x2 
 .bss.idle      0x2000a564       0x84 build/idle.o
 .bss.rt_thread_stack
                0x2000a5e8      0x100 build/idle.o
 .bss.heap_end  0x2000a6e8        0x4 build/mem.o
 .bss.heap_ptr  0x2000a6ec        0x4 build/mem.o
 .bss.heap_sem  0x2000a6f0       0x20 build/mem.o
 .bss.lfree     0x2000a710        0x4 build/mem.o
 .bss.max_mem   0x2000a714        0x4 build/mem.o
 .bss.mem_size_aligned
                0x2000a718        0x4 build/mem.o
 .bss.used_mem  0x2000a71c        0x4 build/mem.o
 .bss.rt_exception_hook
                0x2000a720        0x4 build/cpuport.o
 .bss.uart1_handler
                0x2000a724       0x44 build/bsp_uart1.o
                0x2000a724                uart1_handler
 .bss.__malloc_free_list
                0x2000a768        0x4 c:/program files (x86)/gnu arm embedded toolchain/2020-q2-update/bin/../lib/gcc/arm-none-eabi/9.3.1/../../../../arm-none-eabi/lib/thumb/v7e-m/nofp\libc_nano.a(lib_a-nano-mallocr.o)
                0x2000a768                __malloc_free_list
 .bss.__malloc_sbrk_start
                0x2000a76c        0x4 c:/program files (x86)/gnu arm embedded toolchain/2020-q2-update/bin/../lib/gcc/arm-none-eabi/9.3.1/../../../../arm-none-eabi/lib/thumb/v7e-m/nofp\libc_nano.a(lib_a-nano-mallocr.o)
                0x2000a76c                __malloc_sbrk_start
 .bss.heap_end.4144
                0x2000a770        0x4 c:/program files (x86)/gnu arm embedded toolchain/2020-q2-update/bin/../lib/gcc/arm-none-eabi/9.3.1/../../../../arm-none-eabi/lib/thumb/v7e-m/nofp\libnosys.a(sbrk.o)
 *(COMMON)
 COMMON         0x2000a774      0x834 build/scheduler.o
                0x2000a774                rt_thread_ready_table
                0x2000a794                rt_thread_priority_table
                0x2000af94                rt_current_priority
                0x2000af98                rt_current_thread
                0x2000af9c                rt_thread_ready_priority_group
                0x2000afa0                rt_thread_defunct
 COMMON         0x2000afa8        0x1 build/irq.o
                0x2000afa8                rt_interrupt_nest
 *fill*         0x2000afa9        0x3 
 COMMON         0x2000afac        0xc build/cpuport.o
                0x2000afac                rt_interrupt_to_thread
                0x2000afb0                rt_interrupt_from_thread
                0x2000afb4                rt_thread_switch_interrupt_flag
 COMMON         0x2000afb8        0x4 c:/program files (x86)/gnu arm embedded toolchain/2020-q2-update/bin/../lib/gcc/arm-none-eabi/9.3.1/../../../../arm-none-eabi/lib/thumb/v7e-m/nofp\libc_nano.a(lib_a-reent.o)
                0x2000afb8                errno
 COMMON         0x2000afbc        0x9 c:/program files (x86)/gnu arm embedded toolchain/2020-q2-update/bin/../lib/gcc/arm-none-eabi/9.3.1/../../../../arm-none-eabi/lib/thumb/v7e-m/nofp\libc_nano.a(lib_a-lock.o)
                0x2000afbc                __lock___atexit_recursive_mutex
                0x2000afbd                __lock___arc4random_mutex
                0x2000afbe                __lock___env_recursive_mutex
                0x2000afbf                __lock___sinit_recursive_mutex
                0x2000afc0                __lock___malloc_recursive_mutex
                0x2000afc1                __lock___at_quick_exit_mutex
                0x2000afc2                __lock___dd_hash_mutex
                0x2000afc3                __lock___tz_mutex
                0x2000afc4                __lock___sfp_recursive_mutex
                0x2000afc8                . = ALIGN (0x4)
 *fill*         0x2000afc5        0x3 
                0x2000afc8                _ebss = .
                0x2000afc8                __bss_end__ = _ebss

._user_heap_stack
                0x2000afc8     0x6000
                0x2000afc8                . = ALIGN (0x8)
                0x2000afc8                PROVIDE (end = .)
                [!provide]                PROVIDE (_end = .)
                0x2000cfc8                . = (. + _Min_Heap_Size)
 *fill*         0x2000afc8     0x2000 
                0x20010fc8                . = (. + _Min_Stack_Size)
 *fill*         0x2000cfc8     0x4000 
                0x20010fc8                . = ALIGN (0x8)

/DISCARD/
 libc.a(*)
 libm.a(*)
 libgcc.a(*)

.ARM.attributes
                0x00000000       0x2e
 *(.ARM.attributes)
 .ARM.attributes
                0x00000000       0x1e c:/program files (x86)/gnu arm embedded toolchain/2020-q2-update/bin/../lib/gcc/arm-none-eabi/9.3.1/thumb/v7e-m/nofp/crti.o
 .ARM.attributes
                0x0000001e       0x2e c:/program files (x86)/gnu arm embedded toolchain/2020-q2-update/bin/../lib/gcc/arm-none-eabi/9.3.1/thumb/v7e-m/nofp/crtbegin.o
 .ARM.attributes
                0x0000004c       0x2e build/system_stm32f4xx.o
 .ARM.attributes
                0x0000007a       0x2e build/stm32f4xx_it.o
 .ARM.attributes
                0x000000a8       0x2e build/main.o
 .ARM.attributes
                0x000000d6       0x2e build/stm32f4xx_hal_msp.o
 .ARM.attributes
                0x00000104       0x2e build/stm32f4xx_hal_rcc.o
 .ARM.attributes
                0x00000132       0x2e build/stm32f4xx_hal_usart.o
 .ARM.attributes
                0x00000160       0x2e build/stm32f4xx_hal_cortex.o
 .ARM.attributes
                0x0000018e       0x2e build/stm32f4xx_hal_uart.o
 .ARM.attributes
                0x000001bc       0x2e build/stm32f4xx_hal_gpio.o
 .ARM.attributes
                0x000001ea       0x2e build/stm32f4xx_hal.o
 .ARM.attributes
                0x00000218       0x2e build/core_delay.o
 .ARM.attributes
                0x00000246       0x2e build/board.o
 .ARM.attributes
                0x00000274       0x2e build/components.o
 .ARM.attributes
                0x000002a2       0x2e build/timer.o
 .ARM.attributes
                0x000002d0       0x2e build/thread.o
 .ARM.attributes
                0x000002fe       0x2e build/object.o
 .ARM.attributes
                0x0000032c       0x2e build/ipc.o
 .ARM.attributes
                0x0000035a       0x2e build/kservice.o
 .ARM.attributes
                0x00000388       0x2e build/clock.o
 .ARM.attributes
                0x000003b6       0x2e build/scheduler.o
 .ARM.attributes
                0x000003e4       0x2e build/irq.o
 .ARM.attributes
                0x00000412       0x2e build/idle.o
 .ARM.attributes
                0x00000440       0x2e build/mem.o
 .ARM.attributes
                0x0000046e       0x2e build/cpuport.o
 .ARM.attributes
                0x0000049c       0x2e build/bsp_uart1.o
 .ARM.attributes
                0x000004ca       0x2e build/bsp_led.o
 .ARM.attributes
                0x000004f8       0x25 build/context_gcc.o
 .ARM.attributes
                0x0000051d       0x21 build/startup_stm32f407xx.o
 .ARM.attributes
                0x0000053e       0x2e c:/program files (x86)/gnu arm embedded toolchain/2020-q2-update/bin/../lib/gcc/arm-none-eabi/9.3.1/../../../../arm-none-eabi/lib/thumb/v7e-m/nofp\libc_nano.a(lib_a-impure.o)
 .ARM.attributes
                0x0000056c       0x2e c:/program files (x86)/gnu arm embedded toolchain/2020-q2-update/bin/../lib/gcc/arm-none-eabi/9.3.1/../../../../arm-none-eabi/lib/thumb/v7e-m/nofp\libc_nano.a(lib_a-init.o)
 .ARM.attributes
                0x0000059a       0x2e c:/program files (x86)/gnu arm embedded toolchain/2020-q2-update/bin/../lib/gcc/arm-none-eabi/9.3.1/../../../../arm-none-eabi/lib/thumb/v7e-m/nofp\libc_nano.a(lib_a-memset.o)
 .ARM.attributes
                0x000005c8       0x2e c:/program files (x86)/gnu arm embedded toolchain/2020-q2-update/bin/../lib/gcc/arm-none-eabi/9.3.1/../../../../arm-none-eabi/lib/thumb/v7e-m/nofp\libc_nano.a(lib_a-nano-vfprintf_float.o)
 .ARM.attributes
                0x000005f6       0x2e c:/program files (x86)/gnu arm embedded toolchain/2020-q2-update/bin/../lib/gcc/arm-none-eabi/9.3.1/../../../../arm-none-eabi/lib/thumb/v7e-m/nofp\libc_nano.a(lib_a-nano-vfprintf_i.o)
 .ARM.attributes
                0x00000624       0x17 c:/program files (x86)/gnu arm embedded toolchain/2020-q2-update/bin/../lib/gcc/arm-none-eabi/9.3.1/../../../../arm-none-eabi/lib/thumb/v7e-m/nofp\libc_nano.a(lib_a-strlen.o)
 .ARM.attributes
                0x0000063b       0x2e c:/program files (x86)/gnu arm embedded toolchain/2020-q2-update/bin/../lib/gcc/arm-none-eabi/9.3.1/../../../../arm-none-eabi/lib/thumb/v7e-m/nofp\libc_nano.a(lib_a-dtoa.o)
 .ARM.attributes
                0x00000669       0x2e c:/program files (x86)/gnu arm embedded toolchain/2020-q2-update/bin/../lib/gcc/arm-none-eabi/9.3.1/../../../../arm-none-eabi/lib/thumb/v7e-m/nofp\libc_nano.a(lib_a-localeconv.o)
 .ARM.attributes
                0x00000697       0x2e c:/program files (x86)/gnu arm embedded toolchain/2020-q2-update/bin/../lib/gcc/arm-none-eabi/9.3.1/../../../../arm-none-eabi/lib/thumb/v7e-m/nofp\libc_nano.a(lib_a-malloc.o)
 .ARM.attributes
                0x000006c5       0x1c c:/program files (x86)/gnu arm embedded toolchain/2020-q2-update/bin/../lib/gcc/arm-none-eabi/9.3.1/../../../../arm-none-eabi/lib/thumb/v7e-m/nofp\libc_nano.a(lib_a-memchr.o)
 .ARM.attributes
                0x000006e1       0x2e c:/program files (x86)/gnu arm embedded toolchain/2020-q2-update/bin/../lib/gcc/arm-none-eabi/9.3.1/../../../../arm-none-eabi/lib/thumb/v7e-m/nofp\libc_nano.a(lib_a-memcpy-stub.o)
 .ARM.attributes
                0x0000070f       0x2e c:/program files (x86)/gnu arm embedded toolchain/2020-q2-update/bin/../lib/gcc/arm-none-eabi/9.3.1/../../../../arm-none-eabi/lib/thumb/v7e-m/nofp\libc_nano.a(lib_a-mprec.o)
 .ARM.attributes
                0x0000073d       0x2e c:/program files (x86)/gnu arm embedded toolchain/2020-q2-update/bin/../lib/gcc/arm-none-eabi/9.3.1/../../../../arm-none-eabi/lib/thumb/v7e-m/nofp\libc_nano.a(lib_a-nano-callocr.o)
 .ARM.attributes
                0x0000076b       0x2e c:/program files (x86)/gnu arm embedded toolchain/2020-q2-update/bin/../lib/gcc/arm-none-eabi/9.3.1/../../../../arm-none-eabi/lib/thumb/v7e-m/nofp\libc_nano.a(lib_a-nano-freer.o)
 .ARM.attributes
                0x00000799       0x2e c:/program files (x86)/gnu arm embedded toolchain/2020-q2-update/bin/../lib/gcc/arm-none-eabi/9.3.1/../../../../arm-none-eabi/lib/thumb/v7e-m/nofp\libc_nano.a(lib_a-nano-mallocr.o)
 .ARM.attributes
                0x000007c7       0x2e c:/program files (x86)/gnu arm embedded toolchain/2020-q2-update/bin/../lib/gcc/arm-none-eabi/9.3.1/../../../../arm-none-eabi/lib/thumb/v7e-m/nofp\libc_nano.a(lib_a-sbrkr.o)
 .ARM.attributes
                0x000007f5       0x2e c:/program files (x86)/gnu arm embedded toolchain/2020-q2-update/bin/../lib/gcc/arm-none-eabi/9.3.1/../../../../arm-none-eabi/lib/thumb/v7e-m/nofp\libc_nano.a(lib_a-assert.o)
 .ARM.attributes
                0x00000823       0x2e c:/program files (x86)/gnu arm embedded toolchain/2020-q2-update/bin/../lib/gcc/arm-none-eabi/9.3.1/../../../../arm-none-eabi/lib/thumb/v7e-m/nofp\libc_nano.a(lib_a-fprintf.o)
 .ARM.attributes
                0x00000851       0x2e c:/program files (x86)/gnu arm embedded toolchain/2020-q2-update/bin/../lib/gcc/arm-none-eabi/9.3.1/../../../../arm-none-eabi/lib/thumb/v7e-m/nofp\libc_nano.a(lib_a-locale.o)
 .ARM.attributes
                0x0000087f       0x2e c:/program files (x86)/gnu arm embedded toolchain/2020-q2-update/bin/../lib/gcc/arm-none-eabi/9.3.1/../../../../arm-none-eabi/lib/thumb/v7e-m/nofp\libc_nano.a(lib_a-mbtowc_r.o)
 .ARM.attributes
                0x000008ad       0x2e c:/program files (x86)/gnu arm embedded toolchain/2020-q2-update/bin/../lib/gcc/arm-none-eabi/9.3.1/../../../../arm-none-eabi/lib/thumb/v7e-m/nofp\libc_nano.a(lib_a-mlock.o)
 .ARM.attributes
                0x000008db       0x2e c:/program files (x86)/gnu arm embedded toolchain/2020-q2-update/bin/../lib/gcc/arm-none-eabi/9.3.1/../../../../arm-none-eabi/lib/thumb/v7e-m/nofp\libc_nano.a(lib_a-nano-vfprintf.o)
 .ARM.attributes
                0x00000909       0x2e c:/program files (x86)/gnu arm embedded toolchain/2020-q2-update/bin/../lib/gcc/arm-none-eabi/9.3.1/../../../../arm-none-eabi/lib/thumb/v7e-m/nofp\libc_nano.a(lib_a-reent.o)
 .ARM.attributes
                0x00000937       0x2e c:/program files (x86)/gnu arm embedded toolchain/2020-q2-update/bin/../lib/gcc/arm-none-eabi/9.3.1/../../../../arm-none-eabi/lib/thumb/v7e-m/nofp\libc_nano.a(lib_a-wbuf.o)
 .ARM.attributes
                0x00000965       0x2e c:/program files (x86)/gnu arm embedded toolchain/2020-q2-update/bin/../lib/gcc/arm-none-eabi/9.3.1/../../../../arm-none-eabi/lib/thumb/v7e-m/nofp\libc_nano.a(lib_a-wctomb_r.o)
 .ARM.attributes
                0x00000993       0x2e c:/program files (x86)/gnu arm embedded toolchain/2020-q2-update/bin/../lib/gcc/arm-none-eabi/9.3.1/../../../../arm-none-eabi/lib/thumb/v7e-m/nofp\libc_nano.a(lib_a-wsetup.o)
 .ARM.attributes
                0x000009c1       0x2e c:/program files (x86)/gnu arm embedded toolchain/2020-q2-update/bin/../lib/gcc/arm-none-eabi/9.3.1/../../../../arm-none-eabi/lib/thumb/v7e-m/nofp\libc_nano.a(lib_a-abort.o)
 .ARM.attributes
                0x000009ef       0x2e c:/program files (x86)/gnu arm embedded toolchain/2020-q2-update/bin/../lib/gcc/arm-none-eabi/9.3.1/../../../../arm-none-eabi/lib/thumb/v7e-m/nofp\libc_nano.a(lib_a-ctype_.o)
 .ARM.attributes
                0x00000a1d       0x2e c:/program files (x86)/gnu arm embedded toolchain/2020-q2-update/bin/../lib/gcc/arm-none-eabi/9.3.1/../../../../arm-none-eabi/lib/thumb/v7e-m/nofp\libc_nano.a(lib_a-fflush.o)
 .ARM.attributes
                0x00000a4b       0x2e c:/program files (x86)/gnu arm embedded toolchain/2020-q2-update/bin/../lib/gcc/arm-none-eabi/9.3.1/../../../../arm-none-eabi/lib/thumb/v7e-m/nofp\libc_nano.a(lib_a-findfp.o)
 .ARM.attributes
                0x00000a79       0x2e c:/program files (x86)/gnu arm embedded toolchain/2020-q2-update/bin/../lib/gcc/arm-none-eabi/9.3.1/../../../../arm-none-eabi/lib/thumb/v7e-m/nofp\libc_nano.a(lib_a-fwalk.o)
 .ARM.attributes
                0x00000aa7       0x2e c:/program files (x86)/gnu arm embedded toolchain/2020-q2-update/bin/../lib/gcc/arm-none-eabi/9.3.1/../../../../arm-none-eabi/lib/thumb/v7e-m/nofp\libc_nano.a(lib_a-lock.o)
 .ARM.attributes
                0x00000ad5       0x2e c:/program files (x86)/gnu arm embedded toolchain/2020-q2-update/bin/../lib/gcc/arm-none-eabi/9.3.1/../../../../arm-none-eabi/lib/thumb/v7e-m/nofp\libc_nano.a(lib_a-makebuf.o)
 .ARM.attributes
                0x00000b03       0x2e c:/program files (x86)/gnu arm embedded toolchain/2020-q2-update/bin/../lib/gcc/arm-none-eabi/9.3.1/../../../../arm-none-eabi/lib/thumb/v7e-m/nofp\libc_nano.a(lib_a-signal.o)
 .ARM.attributes
                0x00000b31       0x2e c:/program files (x86)/gnu arm embedded toolchain/2020-q2-update/bin/../lib/gcc/arm-none-eabi/9.3.1/../../../../arm-none-eabi/lib/thumb/v7e-m/nofp\libc_nano.a(lib_a-signalr.o)
 .ARM.attributes
                0x00000b5f       0x2e c:/program files (x86)/gnu arm embedded toolchain/2020-q2-update/bin/../lib/gcc/arm-none-eabi/9.3.1/../../../../arm-none-eabi/lib/thumb/v7e-m/nofp\libc_nano.a(lib_a-stdio.o)
 .ARM.attributes
                0x00000b8d       0x2e c:/program files (x86)/gnu arm embedded toolchain/2020-q2-update/bin/../lib/gcc/arm-none-eabi/9.3.1/../../../../arm-none-eabi/lib/thumb/v7e-m/nofp\libc_nano.a(lib_a-writer.o)
 .ARM.attributes
                0x00000bbb       0x2e c:/program files (x86)/gnu arm embedded toolchain/2020-q2-update/bin/../lib/gcc/arm-none-eabi/9.3.1/../../../../arm-none-eabi/lib/thumb/v7e-m/nofp\libc_nano.a(lib_a-closer.o)
 .ARM.attributes
                0x00000be9       0x2e c:/program files (x86)/gnu arm embedded toolchain/2020-q2-update/bin/../lib/gcc/arm-none-eabi/9.3.1/../../../../arm-none-eabi/lib/thumb/v7e-m/nofp\libc_nano.a(lib_a-fstatr.o)
 .ARM.attributes
                0x00000c17       0x2e c:/program files (x86)/gnu arm embedded toolchain/2020-q2-update/bin/../lib/gcc/arm-none-eabi/9.3.1/../../../../arm-none-eabi/lib/thumb/v7e-m/nofp\libc_nano.a(lib_a-isattyr.o)
 .ARM.attributes
                0x00000c45       0x2e c:/program files (x86)/gnu arm embedded toolchain/2020-q2-update/bin/../lib/gcc/arm-none-eabi/9.3.1/../../../../arm-none-eabi/lib/thumb/v7e-m/nofp\libc_nano.a(lib_a-lseekr.o)
 .ARM.attributes
                0x00000c73       0x2e c:/program files (x86)/gnu arm embedded toolchain/2020-q2-update/bin/../lib/gcc/arm-none-eabi/9.3.1/../../../../arm-none-eabi/lib/thumb/v7e-m/nofp\libc_nano.a(lib_a-readr.o)
 .ARM.attributes
                0x00000ca1       0x2e c:/program files (x86)/gnu arm embedded toolchain/2020-q2-update/bin/../lib/gcc/arm-none-eabi/9.3.1/../../../../arm-none-eabi/lib/thumb/v7e-m/nofp\libnosys.a(close.o)
 .ARM.attributes
                0x00000ccf       0x2e c:/program files (x86)/gnu arm embedded toolchain/2020-q2-update/bin/../lib/gcc/arm-none-eabi/9.3.1/../../../../arm-none-eabi/lib/thumb/v7e-m/nofp\libnosys.a(fstat.o)
 .ARM.attributes
                0x00000cfd       0x2e c:/program files (x86)/gnu arm embedded toolchain/2020-q2-update/bin/../lib/gcc/arm-none-eabi/9.3.1/../../../../arm-none-eabi/lib/thumb/v7e-m/nofp\libnosys.a(getpid.o)
 .ARM.attributes
                0x00000d2b       0x2e c:/program files (x86)/gnu arm embedded toolchain/2020-q2-update/bin/../lib/gcc/arm-none-eabi/9.3.1/../../../../arm-none-eabi/lib/thumb/v7e-m/nofp\libnosys.a(isatty.o)
 .ARM.attributes
                0x00000d59       0x2e c:/program files (x86)/gnu arm embedded toolchain/2020-q2-update/bin/../lib/gcc/arm-none-eabi/9.3.1/../../../../arm-none-eabi/lib/thumb/v7e-m/nofp\libnosys.a(kill.o)
 .ARM.attributes
                0x00000d87       0x2e c:/program files (x86)/gnu arm embedded toolchain/2020-q2-update/bin/../lib/gcc/arm-none-eabi/9.3.1/../../../../arm-none-eabi/lib/thumb/v7e-m/nofp\libnosys.a(lseek.o)
 .ARM.attributes
                0x00000db5       0x2e c:/program files (x86)/gnu arm embedded toolchain/2020-q2-update/bin/../lib/gcc/arm-none-eabi/9.3.1/../../../../arm-none-eabi/lib/thumb/v7e-m/nofp\libnosys.a(read.o)
 .ARM.attributes
                0x00000de3       0x2e c:/program files (x86)/gnu arm embedded toolchain/2020-q2-update/bin/../lib/gcc/arm-none-eabi/9.3.1/../../../../arm-none-eabi/lib/thumb/v7e-m/nofp\libnosys.a(sbrk.o)
 .ARM.attributes
                0x00000e11       0x2e c:/program files (x86)/gnu arm embedded toolchain/2020-q2-update/bin/../lib/gcc/arm-none-eabi/9.3.1/../../../../arm-none-eabi/lib/thumb/v7e-m/nofp\libnosys.a(write.o)
 .ARM.attributes
                0x00000e3f       0x2e c:/program files (x86)/gnu arm embedded toolchain/2020-q2-update/bin/../lib/gcc/arm-none-eabi/9.3.1/../../../../arm-none-eabi/lib/thumb/v7e-m/nofp\libnosys.a(_exit.o)
 .ARM.attributes
                0x00000e6d       0x1e c:/program files (x86)/gnu arm embedded toolchain/2020-q2-update/bin/../lib/gcc/arm-none-eabi/9.3.1/thumb/v7e-m/nofp\libgcc.a(_arm_addsubdf3.o)
 .ARM.attributes
                0x00000e8b       0x1e c:/program files (x86)/gnu arm embedded toolchain/2020-q2-update/bin/../lib/gcc/arm-none-eabi/9.3.1/thumb/v7e-m/nofp\libgcc.a(_arm_muldivdf3.o)
 .ARM.attributes
                0x00000ea9       0x1e c:/program files (x86)/gnu arm embedded toolchain/2020-q2-update/bin/../lib/gcc/arm-none-eabi/9.3.1/thumb/v7e-m/nofp\libgcc.a(_arm_cmpdf2.o)
 .ARM.attributes
                0x00000ec7       0x1e c:/program files (x86)/gnu arm embedded toolchain/2020-q2-update/bin/../lib/gcc/arm-none-eabi/9.3.1/thumb/v7e-m/nofp\libgcc.a(_arm_unorddf2.o)
 .ARM.attributes
                0x00000ee5       0x1e c:/program files (x86)/gnu arm embedded toolchain/2020-q2-update/bin/../lib/gcc/arm-none-eabi/9.3.1/thumb/v7e-m/nofp\libgcc.a(_arm_fixdfsi.o)
 .ARM.attributes
                0x00000f03       0x1e c:/program files (x86)/gnu arm embedded toolchain/2020-q2-update/bin/../lib/gcc/arm-none-eabi/9.3.1/thumb/v7e-m/nofp\libgcc.a(_aeabi_uldivmod.o)
 .ARM.attributes
                0x00000f21       0x2e c:/program files (x86)/gnu arm embedded toolchain/2020-q2-update/bin/../lib/gcc/arm-none-eabi/9.3.1/thumb/v7e-m/nofp\libgcc.a(_udivmoddi4.o)
 .ARM.attributes
                0x00000f4f       0x1e c:/program files (x86)/gnu arm embedded toolchain/2020-q2-update/bin/../lib/gcc/arm-none-eabi/9.3.1/thumb/v7e-m/nofp\libgcc.a(_dvmd_tls.o)
 .ARM.attributes
                0x00000f6d       0x1e c:/program files (x86)/gnu arm embedded toolchain/2020-q2-update/bin/../lib/gcc/arm-none-eabi/9.3.1/thumb/v7e-m/nofp/crtn.o
OUTPUT(build/F407_RT_HAL.elf elf32-littlearm)
LOAD linker stubs
LOAD c:/program files (x86)/gnu arm embedded toolchain/2020-q2-update/bin/../lib/gcc/arm-none-eabi/9.3.1/../../../../arm-none-eabi/lib/thumb/v7e-m/nofp\libc.a
LOAD c:/program files (x86)/gnu arm embedded toolchain/2020-q2-update/bin/../lib/gcc/arm-none-eabi/9.3.1/../../../../arm-none-eabi/lib/thumb/v7e-m/nofp\libm.a
LOAD c:/program files (x86)/gnu arm embedded toolchain/2020-q2-update/bin/../lib/gcc/arm-none-eabi/9.3.1/thumb/v7e-m/nofp\libgcc.a

.debug_info     0x00000000    0x121e3
 .debug_info    0x00000000      0x63c build/system_stm32f4xx.o
 .debug_info    0x0000063c      0x212 build/stm32f4xx_it.o
 .debug_info    0x0000084e      0xbf5 build/main.o
 .debug_info    0x00001443      0x3e5 build/stm32f4xx_hal_msp.o
 .debug_info    0x00001828      0xc44 build/stm32f4xx_hal_rcc.o
 .debug_info    0x0000246c     0x19ce build/stm32f4xx_hal_usart.o
 .debug_info    0x00003e3a     0x123e build/stm32f4xx_hal_cortex.o
 .debug_info    0x00005078     0x1b31 build/stm32f4xx_hal_uart.o
 .debug_info    0x00006ba9      0x915 build/stm32f4xx_hal_gpio.o
 .debug_info    0x000074be      0xb5e build/stm32f4xx_hal.o
 .debug_info    0x0000801c      0x2e4 build/core_delay.o
 .debug_info    0x00008300      0x370 build/board.o
 .debug_info    0x00008670      0x6e1 build/components.o
 .debug_info    0x00008d51     0x1129 build/timer.o
 .debug_info    0x00009e7a     0x12c6 build/thread.o
 .debug_info    0x0000b140      0x83d build/object.o
 .debug_info    0x0000b97d     0x1d69 build/ipc.o
 .debug_info    0x0000d6e6     0x1481 build/kservice.o
 .debug_info    0x0000eb67      0x515 build/clock.o
 .debug_info    0x0000f07c      0x922 build/scheduler.o
 .debug_info    0x0000f99e      0x161 build/irq.o
 .debug_info    0x0000faff      0x6fb build/idle.o
 .debug_info    0x000101fa      0x838 build/mem.o
 .debug_info    0x00010a32      0x5e6 build/cpuport.o
 .debug_info    0x00011018      0xdc3 build/bsp_uart1.o
 .debug_info    0x00011ddb      0x3c0 build/bsp_led.o
 .debug_info    0x0001219b       0x26 build/context_gcc.o
 .debug_info    0x000121c1       0x22 build/startup_stm32f407xx.o

.debug_abbrev   0x00000000     0x3b02
 .debug_abbrev  0x00000000      0x14a build/system_stm32f4xx.o
 .debug_abbrev  0x0000014a       0xb7 build/stm32f4xx_it.o
 .debug_abbrev  0x00000201      0x26f build/main.o
 .debug_abbrev  0x00000470      0x11c build/stm32f4xx_hal_msp.o
 .debug_abbrev  0x0000058c      0x2cd build/stm32f4xx_hal_rcc.o
 .debug_abbrev  0x00000859      0x2f1 build/stm32f4xx_hal_usart.o
 .debug_abbrev  0x00000b4a      0x3a8 build/stm32f4xx_hal_cortex.o
 .debug_abbrev  0x00000ef2      0x318 build/stm32f4xx_hal_uart.o
 .debug_abbrev  0x0000120a      0x258 build/stm32f4xx_hal_gpio.o
 .debug_abbrev  0x00001462      0x21c build/stm32f4xx_hal.o
 .debug_abbrev  0x0000167e      0x167 build/core_delay.o
 .debug_abbrev  0x000017e5      0x197 build/board.o
 .debug_abbrev  0x0000197c      0x1df build/components.o
 .debug_abbrev  0x00001b5b      0x41c build/timer.o
 .debug_abbrev  0x00001f77      0x2c4 build/thread.o
 .debug_abbrev  0x0000223b      0x288 build/object.o
 .debug_abbrev  0x000024c3      0x303 build/ipc.o
 .debug_abbrev  0x000027c6      0x3db build/kservice.o
 .debug_abbrev  0x00002ba1      0x18b build/clock.o
 .debug_abbrev  0x00002d2c      0x24a build/scheduler.o
 .debug_abbrev  0x00002f76       0xc0 build/irq.o
 .debug_abbrev  0x00003036      0x26e build/idle.o
 .debug_abbrev  0x000032a4      0x22a build/mem.o
 .debug_abbrev  0x000034ce      0x23b build/cpuport.o
 .debug_abbrev  0x00003709      0x237 build/bsp_uart1.o
 .debug_abbrev  0x00003940      0x19c build/bsp_led.o
 .debug_abbrev  0x00003adc       0x14 build/context_gcc.o
 .debug_abbrev  0x00003af0       0x12 build/startup_stm32f407xx.o

.debug_loc      0x00000000     0xb421
 .debug_loc     0x00000000      0x16c build/system_stm32f4xx.o
 .debug_loc     0x0000016c       0xe4 build/main.o
 .debug_loc     0x00000250       0x2c build/stm32f4xx_hal_msp.o
 .debug_loc     0x0000027c      0x6c7 build/stm32f4xx_hal_rcc.o
 .debug_loc     0x00000943     0x1a95 build/stm32f4xx_hal_usart.o
 .debug_loc     0x000023d8      0x7d4 build/stm32f4xx_hal_cortex.o
 .debug_loc     0x00002bac     0x1d79 build/stm32f4xx_hal_uart.o
 .debug_loc     0x00004925      0x5c7 build/stm32f4xx_hal_gpio.o
 .debug_loc     0x00004eec      0x1e1 build/stm32f4xx_hal.o
 .debug_loc     0x000050cd      0x11a build/core_delay.o
 .debug_loc     0x000051e7       0x99 build/board.o
 .debug_loc     0x00005280      0x174 build/components.o
 .debug_loc     0x000053f4      0xb7e build/timer.o
 .debug_loc     0x00005f72      0xb84 build/thread.o
 .debug_loc     0x00006af6      0x4a7 build/object.o
 .debug_loc     0x00006f9d     0x1827 build/ipc.o
 .debug_loc     0x000087c4     0x1b6a build/kservice.o
 .debug_loc     0x0000a32e      0x126 build/clock.o
 .debug_loc     0x0000a454      0x327 build/scheduler.o
 .debug_loc     0x0000a77b       0x6a build/irq.o
 .debug_loc     0x0000a7e5      0x138 build/idle.o
 .debug_loc     0x0000a91d      0x67b build/mem.o
 .debug_loc     0x0000af98      0x239 build/cpuport.o
 .debug_loc     0x0000b1d1      0x199 build/bsp_uart1.o
 .debug_loc     0x0000b36a       0xb7 build/bsp_led.o

.debug_aranges  0x00000000      0xce0
 .debug_aranges
                0x00000000       0x28 build/system_stm32f4xx.o
 .debug_aranges
                0x00000028       0x48 build/stm32f4xx_it.o
 .debug_aranges
                0x00000070       0x38 build/main.o
 .debug_aranges
                0x000000a8       0x20 build/stm32f4xx_hal_msp.o
 .debug_aranges
                0x000000c8       0x88 build/stm32f4xx_hal_rcc.o
 .debug_aranges
                0x00000150      0x178 build/stm32f4xx_hal_usart.o
 .debug_aranges
                0x000002c8       0xa8 build/stm32f4xx_hal_cortex.o
 .debug_aranges
                0x00000370      0x1d0 build/stm32f4xx_hal_uart.o
 .debug_aranges
                0x00000540       0x58 build/stm32f4xx_hal_gpio.o
 .debug_aranges
                0x00000598       0xf0 build/stm32f4xx_hal.o
 .debug_aranges
                0x00000688       0x38 build/core_delay.o
 .debug_aranges
                0x000006c0       0x40 build/board.o
 .debug_aranges
                0x00000700       0x68 build/components.o
 .debug_aranges
                0x00000768       0x90 build/timer.o
 .debug_aranges
                0x000007f8       0xa0 build/thread.o
 .debug_aranges
                0x00000898       0x60 build/object.o
 .debug_aranges
                0x000008f8       0xc8 build/ipc.o
 .debug_aranges
                0x000009c0       0xf0 build/kservice.o
 .debug_aranges
                0x00000ab0       0x40 build/clock.o
 .debug_aranges